2025-07-01T17:12:14.901Z [INFO] Connecting to PostgreSQL: postgres@localhost:5432/twproject
2025-07-01T17:12:14.973Z [INFO] Scheduler disabled – background jobs will not run
2025-07-01T17:12:14.977Z [INFO] Minimal server listening on port 8000
2025-07-01T17:12:15.075Z [INFO] PostgreSQL connection successful. Server time: Tue Jul 01 2025 20:12:15 GMT+0300 (Ora de vară a Europei de Est)
2025-07-01T17:12:38.478Z [INFO] [REQ] OPTIONS /api/auth/login
2025-07-01T17:12:38.486Z [INFO] [REQ] POST /api/auth/login
2025-07-01T17:12:38.490Z [INFO] POST /api/auth/login
2025-07-01T17:12:38.492Z [INFO] POST /api/login or /api/auth/login
2025-07-01T17:12:38.509Z [INFO] Login: Success for user admin@cas.local
2025-07-01T17:12:40.108Z [INFO] [REQ] OPTIONS /api/stats/dashboard
2025-07-01T17:12:40.111Z [INFO] [REQ] GET /api/stats/dashboard
2025-07-01T17:12:40.113Z [INFO] GET /api/stats/dashboard
2025-07-01T17:12:40.240Z [INFO] [REQ] OPTIONS /api/orders
2025-07-01T17:12:40.246Z [INFO] [REQ] GET /api/orders
2025-07-01T17:12:40.247Z [INFO] GET /api/orders?limit=5&sort=created_at:desc
2025-07-01T17:12:40.248Z [INFO] GET /api/orders
2025-07-01T17:12:40.288Z [INFO] [REQ] OPTIONS /api/stats/system-status
2025-07-01T17:12:40.292Z [INFO] [REQ] GET /api/stats/system-status
2025-07-01T17:12:40.293Z [INFO] GET /api/stats/system-status
2025-07-01T17:12:40.312Z [INFO] [REQ] OPTIONS /api/notifications/recent
2025-07-01T17:12:40.316Z [INFO] [REQ] GET /api/notifications/recent
2025-07-01T17:12:40.317Z [INFO] GET /api/notifications/recent?limit=5
2025-07-01T17:12:40.326Z [INFO] [REQ] OPTIONS /api/stats/performance
2025-07-01T17:12:40.329Z [INFO] [REQ] GET /api/stats/performance
2025-07-01T17:12:40.330Z [INFO] GET /api/stats/performance?days=7
2025-07-01T17:12:48.715Z [INFO] [REQ] OPTIONS /api/locations
2025-07-01T17:12:48.717Z [INFO] [REQ] OPTIONS /api/users
2025-07-01T17:12:48.720Z [INFO] [REQ] GET /api/locations
2025-07-01T17:12:48.722Z [INFO] GET /api/locations
2025-07-01T17:12:48.723Z [INFO] GET /api/locations
2025-07-01T17:12:48.725Z [INFO] [REQ] GET /api/users
2025-07-01T17:12:48.726Z [INFO] GET /api/users
2025-07-01T17:13:31.787Z [INFO] [REQ] OPTIONS /api/users/8
2025-07-01T17:13:31.790Z [INFO] [REQ] PUT /api/users/8
2025-07-01T17:13:31.795Z [INFO] PUT /api/users/8
2025-07-01T17:13:31.947Z [INFO] [REQ] OPTIONS /api/users
2025-07-01T17:13:31.951Z [INFO] [REQ] GET /api/users
2025-07-01T17:13:31.952Z [INFO] GET /api/users
2025-07-01T17:13:42.446Z [INFO] [REQ] OPTIONS /api/users/8
2025-07-01T17:13:42.449Z [INFO] [REQ] DELETE /api/users/8
2025-07-01T17:13:42.450Z [INFO] DELETE /api/users/8
2025-07-01T17:13:42.463Z [INFO] [REQ] OPTIONS /api/users
2025-07-01T17:13:42.467Z [INFO] [REQ] GET /api/users
2025-07-01T17:13:42.469Z [INFO] GET /api/users
2025-07-01T17:13:51.006Z [INFO] [REQ] OPTIONS /api/users/7
2025-07-01T17:13:51.009Z [INFO] [REQ] DELETE /api/users/7
2025-07-01T17:13:51.010Z [INFO] DELETE /api/users/7
2025-07-01T17:13:51.017Z [INFO] [REQ] OPTIONS /api/users
2025-07-01T17:13:51.025Z [INFO] [REQ] GET /api/users
2025-07-01T17:13:51.029Z [INFO] GET /api/users
2025-07-01T17:14:05.633Z [INFO] [REQ] OPTIONS /api/stats/dashboard
2025-07-01T17:14:05.637Z [INFO] [REQ] GET /api/stats/dashboard
2025-07-01T17:14:05.638Z [INFO] GET /api/stats/dashboard
2025-07-01T17:14:05.760Z [INFO] [REQ] OPTIONS /api/orders
2025-07-01T17:14:05.764Z [INFO] [REQ] GET /api/orders
2025-07-01T17:14:05.766Z [INFO] GET /api/orders?limit=5&sort=created_at:desc
2025-07-01T17:14:05.767Z [INFO] GET /api/orders
2025-07-01T17:14:05.792Z [INFO] [REQ] OPTIONS /api/stats/system-status
2025-07-01T17:14:05.800Z [INFO] [REQ] GET /api/stats/system-status
2025-07-01T17:14:05.801Z [INFO] GET /api/stats/system-status
2025-07-01T17:14:05.814Z [INFO] [REQ] OPTIONS /api/notifications/recent
2025-07-01T17:14:05.817Z [INFO] [REQ] GET /api/notifications/recent
2025-07-01T17:14:05.817Z [INFO] GET /api/notifications/recent?limit=5
2025-07-01T17:14:05.825Z [INFO] [REQ] OPTIONS /api/stats/performance
2025-07-01T17:14:05.831Z [INFO] [REQ] GET /api/stats/performance
2025-07-01T17:14:05.833Z [INFO] GET /api/stats/performance?days=7
2025-07-01T17:14:07.236Z [INFO] [REQ] OPTIONS /api/locations
2025-07-01T17:14:07.242Z [INFO] [REQ] OPTIONS /api/customers
2025-07-01T17:14:07.245Z [INFO] [REQ] GET /api/locations
2025-07-01T17:14:07.247Z [INFO] GET /api/locations
2025-07-01T17:14:07.247Z [INFO] GET /api/locations
2025-07-01T17:14:07.249Z [INFO] [REQ] GET /api/customers
2025-07-01T17:14:07.250Z [INFO] GET /api/customers
2025-07-01T17:14:07.251Z [INFO] GET /api/customers
2025-07-01T17:14:13.945Z [INFO] [REQ] OPTIONS /api/stats/dashboard
2025-07-01T17:14:13.949Z [INFO] [REQ] GET /api/stats/dashboard
2025-07-01T17:14:13.950Z [INFO] GET /api/stats/dashboard
2025-07-01T17:14:13.987Z [INFO] [REQ] OPTIONS /api/orders
2025-07-01T17:14:13.993Z [INFO] [REQ] GET /api/orders
2025-07-01T17:14:13.994Z [INFO] GET /api/orders?limit=5&sort=created_at:desc
2025-07-01T17:14:13.995Z [INFO] GET /api/orders
2025-07-01T17:14:14.008Z [INFO] [REQ] OPTIONS /api/stats/system-status
2025-07-01T17:14:14.015Z [INFO] [REQ] GET /api/stats/system-status
2025-07-01T17:14:14.016Z [INFO] GET /api/stats/system-status
2025-07-01T17:14:14.026Z [INFO] [REQ] OPTIONS /api/notifications/recent
2025-07-01T17:14:14.032Z [INFO] [REQ] GET /api/notifications/recent
2025-07-01T17:14:14.034Z [INFO] GET /api/notifications/recent?limit=5
2025-07-01T17:14:14.042Z [INFO] [REQ] OPTIONS /api/stats/performance
2025-07-01T17:14:14.047Z [INFO] [REQ] GET /api/stats/performance
2025-07-01T17:14:14.048Z [INFO] GET /api/stats/performance?days=7
2025-07-01T17:14:15.166Z [INFO] [REQ] OPTIONS /api/locations
2025-07-01T17:14:15.168Z [INFO] [REQ] OPTIONS /api/users
2025-07-01T17:14:15.172Z [INFO] [REQ] GET /api/locations
2025-07-01T17:14:15.173Z [INFO] GET /api/locations
2025-07-01T17:14:15.175Z [INFO] GET /api/locations
2025-07-01T17:14:15.177Z [INFO] [REQ] GET /api/users
2025-07-01T17:14:15.178Z [INFO] GET /api/users
2025-07-01T17:14:40.546Z [INFO] [REQ] OPTIONS /api/users
2025-07-01T17:14:40.552Z [INFO] [REQ] POST /api/users
2025-07-01T17:14:40.555Z [INFO] POST /api/users
2025-07-01T17:14:40.579Z [INFO] [REQ] GET /api/users
2025-07-01T17:14:40.582Z [INFO] GET /api/users
2025-07-01T17:14:53.964Z [INFO] [REQ] OPTIONS /api/users/307
2025-07-01T17:14:53.969Z [INFO] [REQ] DELETE /api/users/307
2025-07-01T17:14:53.971Z [INFO] DELETE /api/users/307
2025-07-01T17:14:53.993Z [INFO] [REQ] OPTIONS /api/users
2025-07-01T17:14:54.004Z [INFO] [REQ] GET /api/users
2025-07-01T17:14:54.005Z [INFO] GET /api/users
2025-07-01T17:14:55.251Z [INFO] [REQ] OPTIONS /api/stats/dashboard
2025-07-01T17:14:55.258Z [INFO] [REQ] GET /api/stats/dashboard
2025-07-01T17:14:55.259Z [INFO] GET /api/stats/dashboard
2025-07-01T17:14:55.367Z [INFO] [REQ] OPTIONS /api/orders
2025-07-01T17:14:55.373Z [INFO] [REQ] GET /api/orders
2025-07-01T17:14:55.374Z [INFO] GET /api/orders?limit=5&sort=created_at:desc
2025-07-01T17:14:55.375Z [INFO] GET /api/orders
2025-07-01T17:14:55.396Z [INFO] [REQ] OPTIONS /api/stats/system-status
2025-07-01T17:14:55.400Z [INFO] [REQ] GET /api/stats/system-status
2025-07-01T17:14:55.402Z [INFO] GET /api/stats/system-status
2025-07-01T17:14:55.415Z [INFO] [REQ] OPTIONS /api/notifications/recent
2025-07-01T17:14:55.419Z [INFO] [REQ] GET /api/notifications/recent
2025-07-01T17:14:55.420Z [INFO] GET /api/notifications/recent?limit=5
2025-07-01T17:14:55.427Z [INFO] [REQ] OPTIONS /api/stats/performance
2025-07-01T17:14:55.432Z [INFO] [REQ] GET /api/stats/performance
2025-07-01T17:14:55.433Z [INFO] GET /api/stats/performance?days=7
2025-07-01T17:14:57.149Z [INFO] [REQ] OPTIONS /api/locations
2025-07-01T17:14:57.154Z [INFO] [REQ] GET /api/locations
2025-07-01T17:14:57.155Z [INFO] GET /api/locations
2025-07-01T17:14:57.156Z [INFO] GET /api/locations
2025-07-01T17:15:07.250Z [INFO] [REQ] OPTIONS /api/inventory/location/3
2025-07-01T17:15:07.253Z [INFO] [REQ] GET /api/inventory/location/3
2025-07-01T17:15:07.255Z [INFO] GET /api/inventory/location/3?include_zero=true
2025-07-01T17:15:07.257Z [INFO] GET /api/inventory/location/3
2025-07-01T17:15:11.695Z [INFO] [REQ] OPTIONS /api/inventory/location/4
2025-07-01T17:15:11.700Z [INFO] [REQ] GET /api/inventory/location/4
2025-07-01T17:15:11.703Z [INFO] GET /api/inventory/location/4?include_zero=true
2025-07-01T17:15:11.712Z [INFO] GET /api/inventory/location/4
2025-07-01T17:15:40.223Z [INFO] [REQ] OPTIONS /api/inventory/import/4
2025-07-01T17:15:40.226Z [INFO] [REQ] POST /api/inventory/import/4
2025-07-01T17:15:40.227Z [INFO] POST /api/inventory/import/4
2025-07-01T17:15:44.337Z [INFO] [REQ] OPTIONS /api/locations
2025-07-01T17:15:44.343Z [INFO] [REQ] GET /api/locations
2025-07-01T17:15:44.345Z [INFO] GET /api/locations
2025-07-01T17:15:44.346Z [INFO] GET /api/locations
2025-07-01T17:15:44.360Z [INFO] [REQ] OPTIONS /api/inventory/location/1
2025-07-01T17:15:44.366Z [INFO] [REQ] GET /api/inventory/location/1
2025-07-01T17:15:44.369Z [INFO] GET /api/inventory/location/1?include_zero=true
2025-07-01T17:15:44.369Z [INFO] GET /api/inventory/location/1
2025-07-01T17:15:46.752Z [INFO] [REQ] OPTIONS /api/inventory/location/4
2025-07-01T17:15:46.758Z [INFO] [REQ] GET /api/inventory/location/4
2025-07-01T17:15:46.760Z [INFO] GET /api/inventory/location/4?include_zero=true
2025-07-01T17:15:46.761Z [INFO] GET /api/inventory/location/4
2025-07-01T17:17:21.848Z [INFO] [REQ] OPTIONS /api/locations
2025-07-01T17:17:21.852Z [INFO] [REQ] OPTIONS /api/customers
2025-07-01T17:17:21.857Z [INFO] [REQ] GET /api/locations
2025-07-01T17:17:21.858Z [INFO] GET /api/locations
2025-07-01T17:17:21.858Z [INFO] GET /api/locations
2025-07-01T17:17:21.861Z [INFO] [REQ] GET /api/customers
2025-07-01T17:17:21.862Z [INFO] GET /api/customers
2025-07-01T17:17:21.863Z [INFO] GET /api/customers
2025-07-01T17:17:33.372Z [INFO] [REQ] OPTIONS /api/stats/dashboard
2025-07-01T17:17:33.380Z [INFO] [REQ] GET /api/stats/dashboard
2025-07-01T17:17:33.381Z [INFO] GET /api/stats/dashboard
2025-07-01T17:17:33.397Z [INFO] [REQ] OPTIONS /api/orders
2025-07-01T17:17:33.400Z [INFO] [REQ] GET /api/orders
2025-07-01T17:17:33.401Z [INFO] GET /api/orders?limit=5&sort=created_at:desc
2025-07-01T17:17:33.402Z [INFO] GET /api/orders
2025-07-01T17:17:33.430Z [INFO] [REQ] OPTIONS /api/stats/system-status
2025-07-01T17:17:33.434Z [INFO] [REQ] GET /api/stats/system-status
2025-07-01T17:17:33.435Z [INFO] GET /api/stats/system-status
2025-07-01T17:17:33.445Z [INFO] [REQ] OPTIONS /api/notifications/recent
2025-07-01T17:17:33.448Z [INFO] [REQ] GET /api/notifications/recent
2025-07-01T17:17:33.449Z [INFO] GET /api/notifications/recent?limit=5
2025-07-01T17:17:33.456Z [INFO] [REQ] OPTIONS /api/stats/performance
2025-07-01T17:17:33.460Z [INFO] [REQ] GET /api/stats/performance
2025-07-01T17:17:33.461Z [INFO] GET /api/stats/performance?days=7
2025-07-01T17:17:35.567Z [INFO] [REQ] OPTIONS /api/orders
2025-07-01T17:17:35.571Z [INFO] [REQ] OPTIONS /api/customers
2025-07-01T17:17:35.572Z [INFO] [REQ] OPTIONS /api/services
2025-07-01T17:17:35.574Z [INFO] [REQ] OPTIONS /api/locations
2025-07-01T17:17:35.577Z [INFO] [REQ] GET /api/orders
2025-07-01T17:17:35.579Z [INFO] GET /api/orders?include_recurring=true&_t=1751390255564
2025-07-01T17:17:35.580Z [INFO] GET /api/orders
2025-07-01T17:17:35.584Z [INFO] [REQ] GET /api/customers
2025-07-01T17:17:35.585Z [INFO] GET /api/customers?_t=1751390255564
2025-07-01T17:17:35.586Z [INFO] GET /api/customers
2025-07-01T17:17:35.587Z [INFO] [REQ] GET /api/services
2025-07-01T17:17:35.588Z [INFO] GET /api/services?_t=1751390255564
2025-07-01T17:17:35.589Z [INFO] GET /api/services
2025-07-01T17:17:35.597Z [INFO] [REQ] GET /api/locations
2025-07-01T17:17:35.599Z [INFO] GET /api/locations?_t=1751390255564
2025-07-01T17:17:35.600Z [INFO] GET /api/locations
2025-07-01T17:18:12.224Z [INFO] [REQ] OPTIONS /api/stats/dashboard
2025-07-01T17:18:12.228Z [INFO] [REQ] GET /api/stats/dashboard
2025-07-01T17:18:12.229Z [INFO] GET /api/stats/dashboard
2025-07-01T17:18:12.394Z [INFO] [REQ] OPTIONS /api/orders
2025-07-01T17:18:12.397Z [INFO] [REQ] GET /api/orders
2025-07-01T17:18:12.398Z [INFO] GET /api/orders?limit=5&sort=created_at:desc
2025-07-01T17:18:12.399Z [INFO] GET /api/orders
2025-07-01T17:18:12.413Z [INFO] [REQ] OPTIONS /api/stats/system-status
2025-07-01T17:18:12.416Z [INFO] [REQ] GET /api/stats/system-status
2025-07-01T17:18:12.418Z [INFO] GET /api/stats/system-status
2025-07-01T17:18:12.434Z [INFO] [REQ] OPTIONS /api/notifications/recent
2025-07-01T17:18:12.437Z [INFO] [REQ] GET /api/notifications/recent
2025-07-01T17:18:12.438Z [INFO] GET /api/notifications/recent?limit=5
2025-07-01T17:18:12.444Z [INFO] [REQ] OPTIONS /api/stats/performance
2025-07-01T17:18:12.450Z [INFO] [REQ] GET /api/stats/performance
2025-07-01T17:18:12.451Z [INFO] GET /api/stats/performance?days=7
2025-07-01T17:18:20.313Z [INFO] [REQ] OPTIONS /api/equipment
2025-07-01T17:18:20.315Z [INFO] [REQ] OPTIONS /api/locations
2025-07-01T17:18:20.317Z [INFO] [REQ] GET /api/equipment
2025-07-01T17:18:20.319Z [INFO] GET /api/equipment
2025-07-01T17:18:20.321Z [INFO] [REQ] GET /api/locations
2025-07-01T17:18:20.323Z [INFO] GET /api/locations
2025-07-01T17:18:20.323Z [INFO] GET /api/locations
2025-07-01T17:18:35.864Z [INFO] [REQ] OPTIONS /api/equipment/11/maintenance
2025-07-01T17:18:35.870Z [INFO] [REQ] POST /api/equipment/11/maintenance
2025-07-01T17:18:35.873Z [INFO] POST /api/equipment/11/maintenance
2025-07-01T17:18:35.906Z [INFO] [REQ] OPTIONS /api/equipment
2025-07-01T17:18:35.917Z [INFO] [REQ] GET /api/equipment
2025-07-01T17:18:35.920Z [INFO] GET /api/equipment
2025-07-01T17:18:47.514Z [INFO] [REQ] OPTIONS /api/equipment/11
2025-07-01T17:18:47.525Z [INFO] [REQ] PUT /api/equipment/11
2025-07-01T17:18:47.527Z [INFO] PUT /api/equipment/11
2025-07-01T17:18:47.546Z [INFO] [REQ] OPTIONS /api/equipment
2025-07-01T17:18:47.556Z [INFO] [REQ] GET /api/equipment
2025-07-01T17:18:47.557Z [INFO] GET /api/equipment
2025-07-01T17:18:49.944Z [INFO] [REQ] GET /api/equipment/11
2025-07-01T17:18:49.946Z [INFO] GET /api/equipment/11
2025-07-01T17:19:28.920Z [INFO] [REQ] OPTIONS /api/equipment/11/maintenance
2025-07-01T17:19:28.923Z [INFO] [REQ] POST /api/equipment/11/maintenance
2025-07-01T17:19:28.925Z [INFO] POST /api/equipment/11/maintenance
2025-07-01T17:19:29.075Z [INFO] [REQ] OPTIONS /api/equipment
2025-07-01T17:19:29.079Z [INFO] [REQ] GET /api/equipment
2025-07-01T17:19:29.080Z [INFO] GET /api/equipment
2025-07-01T17:19:58.258Z [INFO] [REQ] OPTIONS /api/stats/system-status
2025-07-01T17:19:58.261Z [INFO] [REQ] GET /api/stats/system-status
2025-07-01T17:19:58.262Z [INFO] GET /api/stats/system-status
2025-07-01T17:20:00.698Z [INFO] [REQ] OPTIONS /api/equipment/31/maintenance
2025-07-01T17:20:00.701Z [INFO] [REQ] POST /api/equipment/31/maintenance
2025-07-01T17:20:00.702Z [INFO] POST /api/equipment/31/maintenance
2025-07-01T17:20:00.723Z [INFO] [REQ] OPTIONS /api/equipment
2025-07-01T17:20:00.729Z [INFO] [REQ] GET /api/equipment
2025-07-01T17:20:00.731Z [INFO] GET /api/equipment
2025-07-01T17:37:10.683Z [INFO] Connecting to PostgreSQL: postgres@localhost:5432/twproject
2025-07-01T17:37:10.743Z [INFO] Scheduler disabled – background jobs will not run
2025-07-01T17:37:10.748Z [INFO] Minimal server listening on port 8000
2025-07-01T17:37:10.850Z [INFO] PostgreSQL connection successful. Server time: Tue Jul 01 2025 20:37:10 GMT+0300 (Ora de vară a Europei de Est)
2025-07-01T18:03:59.086Z [INFO] Connecting to PostgreSQL: postgres@localhost:5432/twproject
2025-07-01T18:03:59.119Z [INFO] Scheduler disabled – background jobs will not run
2025-07-01T18:03:59.123Z [INFO] Minimal server listening on port 8000
2025-07-01T18:03:59.168Z [INFO] PostgreSQL connection successful. Server time: Tue Jul 01 2025 21:03:59 GMT+0300 (Eastern European Summer Time)
2025-07-01T18:04:04.178Z [INFO] [REQ] OPTIONS /api/stats/dashboard
2025-07-01T18:04:04.184Z [INFO] [REQ] GET /api/stats/dashboard
2025-07-01T18:04:04.185Z [INFO] GET /api/stats/dashboard
2025-07-01T18:04:04.244Z [INFO] [REQ] OPTIONS /api/orders
2025-07-01T18:04:04.247Z [INFO] [REQ] GET /api/orders
2025-07-01T18:04:04.248Z [INFO] GET /api/orders?limit=5&sort=created_at:desc
2025-07-01T18:04:04.249Z [INFO] GET /api/orders
2025-07-01T18:04:04.256Z [INFO] [REQ] OPTIONS /api/stats/system-status
2025-07-01T18:04:04.258Z [INFO] [REQ] GET /api/stats/system-status
2025-07-01T18:04:04.259Z [INFO] GET /api/stats/system-status
2025-07-01T18:04:04.267Z [INFO] [REQ] OPTIONS /api/notifications/recent
2025-07-01T18:04:04.269Z [INFO] [REQ] GET /api/notifications/recent
2025-07-01T18:04:04.269Z [INFO] GET /api/notifications/recent?limit=5
2025-07-01T18:04:04.272Z [INFO] [REQ] OPTIONS /api/stats/performance
2025-07-01T18:04:04.274Z [INFO] [REQ] GET /api/stats/performance
2025-07-01T18:04:04.275Z [INFO] GET /api/stats/performance?days=7
2025-07-01T18:04:07.612Z [INFO] [REQ] OPTIONS /api/locations
2025-07-01T18:04:07.615Z [INFO] [REQ] GET /api/locations
2025-07-01T18:04:07.616Z [INFO] GET /api/locations
2025-07-01T18:04:07.617Z [INFO] GET /api/locations
2025-07-01T18:04:09.565Z [INFO] [REQ] OPTIONS /api/inventory/location/3
2025-07-01T18:04:09.567Z [INFO] [REQ] GET /api/inventory/location/3
2025-07-01T18:04:09.569Z [INFO] GET /api/inventory/location/3?include_zero=true
2025-07-01T18:04:09.570Z [INFO] GET /api/inventory/location/3
2025-07-01T18:04:14.315Z [INFO] [REQ] OPTIONS /api/inventory/import/3
2025-07-01T18:04:14.316Z [INFO] [REQ] POST /api/inventory/import/3
2025-07-01T18:04:14.316Z [INFO] POST /api/inventory/import/3
2025-07-01T18:04:15.761Z [INFO] [REQ] OPTIONS /api/orders
2025-07-01T18:04:15.763Z [INFO] [REQ] OPTIONS /api/customers
2025-07-01T18:04:15.765Z [INFO] [REQ] OPTIONS /api/services
2025-07-01T18:04:15.766Z [INFO] [REQ] OPTIONS /api/locations
2025-07-01T18:04:15.767Z [INFO] [REQ] GET /api/orders
2025-07-01T18:04:15.768Z [INFO] GET /api/orders?include_recurring=true&_t=1751393055769
2025-07-01T18:04:15.769Z [INFO] GET /api/orders
2025-07-01T18:04:15.770Z [INFO] [REQ] GET /api/customers
2025-07-01T18:04:15.771Z [INFO] GET /api/customers?_t=1751393055769
2025-07-01T18:04:15.772Z [INFO] GET /api/customers
2025-07-01T18:04:15.776Z [INFO] [REQ] GET /api/services
2025-07-01T18:04:15.777Z [INFO] GET /api/services?_t=1751393055769
2025-07-01T18:04:15.778Z [INFO] GET /api/services
2025-07-01T18:04:15.787Z [INFO] [REQ] GET /api/locations
2025-07-01T18:04:15.788Z [INFO] GET /api/locations?_t=1751393055769
2025-07-01T18:04:15.789Z [INFO] GET /api/locations
2025-07-01T18:04:17.858Z [INFO] [REQ] OPTIONS /api/stats/dashboard
2025-07-01T18:04:17.861Z [INFO] [REQ] GET /api/stats/dashboard
2025-07-01T18:04:17.861Z [INFO] GET /api/stats/dashboard
2025-07-01T18:04:17.871Z [INFO] [REQ] OPTIONS /api/orders
2025-07-01T18:04:17.874Z [INFO] [REQ] GET /api/orders
2025-07-01T18:04:17.876Z [INFO] GET /api/orders?limit=5&sort=created_at:desc
2025-07-01T18:04:17.877Z [INFO] GET /api/orders
2025-07-01T18:04:17.893Z [INFO] [REQ] OPTIONS /api/stats/system-status
2025-07-01T18:04:17.897Z [INFO] [REQ] GET /api/stats/system-status
2025-07-01T18:04:17.898Z [INFO] GET /api/stats/system-status
2025-07-01T18:04:17.904Z [INFO] [REQ] OPTIONS /api/notifications/recent
2025-07-01T18:04:17.907Z [INFO] [REQ] GET /api/notifications/recent
2025-07-01T18:04:17.910Z [INFO] GET /api/notifications/recent?limit=5
2025-07-01T18:04:17.914Z [INFO] [REQ] OPTIONS /api/stats/performance
2025-07-01T18:04:17.916Z [INFO] [REQ] GET /api/stats/performance
2025-07-01T18:04:17.916Z [INFO] GET /api/stats/performance?days=7
2025-07-01T18:04:18.713Z [INFO] [REQ] OPTIONS /api/locations
2025-07-01T18:04:18.716Z [INFO] [REQ] GET /api/locations
2025-07-01T18:04:18.718Z [INFO] GET /api/locations
2025-07-01T18:04:18.718Z [INFO] GET /api/locations
2025-07-01T18:04:18.728Z [INFO] [REQ] OPTIONS /api/inventory/location/1
2025-07-01T18:04:18.732Z [INFO] [REQ] GET /api/inventory/location/1
2025-07-01T18:04:18.733Z [INFO] GET /api/inventory/location/1?include_zero=true
2025-07-01T18:04:18.734Z [INFO] GET /api/inventory/location/1
2025-07-01T18:04:20.815Z [INFO] [REQ] OPTIONS /api/inventory/location/4
2025-07-01T18:04:20.819Z [INFO] [REQ] GET /api/inventory/location/4
2025-07-01T18:04:20.820Z [INFO] GET /api/inventory/location/4?include_zero=true
2025-07-01T18:04:20.820Z [INFO] GET /api/inventory/location/4
2025-07-01T18:04:28.301Z [INFO] [REQ] OPTIONS /api/locations
2025-07-01T18:04:28.303Z [INFO] [REQ] GET /api/locations
2025-07-01T18:04:28.304Z [INFO] GET /api/locations
2025-07-01T18:04:28.304Z [INFO] GET /api/locations
2025-07-01T18:04:31.485Z [INFO] [REQ] OPTIONS /api/inventory/location/6
2025-07-01T18:04:31.488Z [INFO] [REQ] GET /api/inventory/location/6
2025-07-01T18:04:31.489Z [INFO] GET /api/inventory/location/6?include_zero=true
2025-07-01T18:04:31.490Z [INFO] GET /api/inventory/location/6
2025-07-01T18:04:37.687Z [INFO] [REQ] OPTIONS /api/inventory/import/6
2025-07-01T18:04:37.688Z [INFO] [REQ] POST /api/inventory/import/6
2025-07-01T18:04:37.689Z [INFO] POST /api/inventory/import/6
2025-07-01T18:04:39.085Z [INFO] [REQ] OPTIONS /api/orders
2025-07-01T18:04:39.091Z [INFO] [REQ] OPTIONS /api/customers
2025-07-01T18:04:39.093Z [INFO] [REQ] OPTIONS /api/services
2025-07-01T18:04:39.093Z [INFO] [REQ] OPTIONS /api/locations
2025-07-01T18:04:39.095Z [INFO] [REQ] GET /api/orders
2025-07-01T18:04:39.096Z [INFO] GET /api/orders?include_recurring=true&_t=1751393079094
2025-07-01T18:04:39.096Z [INFO] GET /api/orders
2025-07-01T18:04:39.098Z [INFO] [REQ] GET /api/customers
2025-07-01T18:04:39.098Z [INFO] GET /api/customers?_t=1751393079094
2025-07-01T18:04:39.099Z [INFO] GET /api/customers
2025-07-01T18:04:39.101Z [INFO] [REQ] GET /api/services
2025-07-01T18:04:39.102Z [INFO] GET /api/services?_t=1751393079094
2025-07-01T18:04:39.102Z [INFO] GET /api/services
2025-07-01T18:04:39.103Z [INFO] [REQ] GET /api/locations
2025-07-01T18:04:39.104Z [INFO] GET /api/locations?_t=1751393079094
2025-07-01T18:04:39.105Z [INFO] GET /api/locations
2025-07-01T18:04:40.954Z [INFO] [REQ] OPTIONS /api/stats/dashboard
2025-07-01T18:04:40.957Z [INFO] [REQ] GET /api/stats/dashboard
2025-07-01T18:04:40.958Z [INFO] GET /api/stats/dashboard
2025-07-01T18:04:40.969Z [INFO] [REQ] OPTIONS /api/orders
2025-07-01T18:04:40.972Z [INFO] [REQ] GET /api/orders
2025-07-01T18:04:40.973Z [INFO] GET /api/orders?limit=5&sort=created_at:desc
2025-07-01T18:04:40.973Z [INFO] GET /api/orders
2025-07-01T18:04:40.988Z [INFO] [REQ] OPTIONS /api/stats/system-status
2025-07-01T18:04:40.991Z [INFO] [REQ] GET /api/stats/system-status
2025-07-01T18:04:40.992Z [INFO] GET /api/stats/system-status
2025-07-01T18:04:41.003Z [INFO] [REQ] OPTIONS /api/notifications/recent
2025-07-01T18:04:41.005Z [INFO] [REQ] GET /api/notifications/recent
2025-07-01T18:04:41.006Z [INFO] GET /api/notifications/recent?limit=5
2025-07-01T18:04:41.012Z [INFO] [REQ] OPTIONS /api/stats/performance
2025-07-01T18:04:41.016Z [INFO] [REQ] GET /api/stats/performance
2025-07-01T18:04:41.016Z [INFO] GET /api/stats/performance?days=7
2025-07-01T18:04:41.908Z [INFO] [REQ] OPTIONS /api/locations
2025-07-01T18:04:41.910Z [INFO] [REQ] GET /api/locations
2025-07-01T18:04:41.911Z [INFO] GET /api/locations
2025-07-01T18:04:41.911Z [INFO] GET /api/locations
2025-07-01T18:04:44.683Z [INFO] [REQ] OPTIONS /api/orders
2025-07-01T18:04:44.684Z [INFO] [REQ] OPTIONS /api/customers
2025-07-01T18:04:44.686Z [INFO] [REQ] OPTIONS /api/services
2025-07-01T18:04:44.687Z [INFO] [REQ] OPTIONS /api/locations
2025-07-01T18:04:44.688Z [INFO] [REQ] GET /api/orders
2025-07-01T18:04:44.689Z [INFO] GET /api/orders?include_recurring=true&_t=1751393084689
2025-07-01T18:04:44.689Z [INFO] GET /api/orders
2025-07-01T18:04:44.691Z [INFO] [REQ] GET /api/customers
2025-07-01T18:04:44.692Z [INFO] GET /api/customers?_t=1751393084689
2025-07-01T18:04:44.692Z [INFO] GET /api/customers
2025-07-01T18:04:44.693Z [INFO] [REQ] GET /api/services
2025-07-01T18:04:44.694Z [INFO] GET /api/services?_t=1751393084689
2025-07-01T18:04:44.694Z [INFO] GET /api/services
2025-07-01T18:04:44.695Z [INFO] [REQ] GET /api/locations
2025-07-01T18:04:44.696Z [INFO] GET /api/locations?_t=1751393084689
2025-07-01T18:04:44.697Z [INFO] GET /api/locations
2025-07-01T18:04:46.249Z [INFO] [REQ] OPTIONS /api/stats/dashboard
2025-07-01T18:04:46.251Z [INFO] [REQ] GET /api/stats/dashboard
2025-07-01T18:04:46.252Z [INFO] GET /api/stats/dashboard
2025-07-01T18:04:46.257Z [INFO] [REQ] OPTIONS /api/orders
2025-07-01T18:04:46.259Z [INFO] [REQ] GET /api/orders
2025-07-01T18:04:46.260Z [INFO] GET /api/orders?limit=5&sort=created_at:desc
2025-07-01T18:04:46.260Z [INFO] GET /api/orders
2025-07-01T18:04:46.273Z [INFO] [REQ] OPTIONS /api/stats/system-status
2025-07-01T18:04:46.276Z [INFO] [REQ] GET /api/stats/system-status
2025-07-01T18:04:46.276Z [INFO] GET /api/stats/system-status
2025-07-01T18:04:46.286Z [INFO] [REQ] OPTIONS /api/notifications/recent
2025-07-01T18:04:46.288Z [INFO] [REQ] GET /api/notifications/recent
2025-07-01T18:04:46.289Z [INFO] GET /api/notifications/recent?limit=5
2025-07-01T18:04:46.293Z [INFO] [REQ] OPTIONS /api/stats/performance
2025-07-01T18:04:46.297Z [INFO] [REQ] GET /api/stats/performance
2025-07-01T18:04:46.298Z [INFO] GET /api/stats/performance?days=7
2025-07-01T18:04:46.931Z [INFO] [REQ] OPTIONS /api/locations
2025-07-01T18:04:46.934Z [INFO] [REQ] GET /api/locations
2025-07-01T18:04:46.935Z [INFO] GET /api/locations
2025-07-01T18:04:46.936Z [INFO] GET /api/locations
2025-07-01T18:04:46.943Z [INFO] [REQ] OPTIONS /api/inventory/location/1
2025-07-01T18:04:46.946Z [INFO] [REQ] GET /api/inventory/location/1
2025-07-01T18:04:46.948Z [INFO] GET /api/inventory/location/1?include_zero=true
2025-07-01T18:04:46.949Z [INFO] GET /api/inventory/location/1
2025-07-01T18:04:49.021Z [INFO] [REQ] OPTIONS /api/inventory/location/4
2025-07-01T18:04:49.024Z [INFO] [REQ] GET /api/inventory/location/4
2025-07-01T18:04:49.025Z [INFO] GET /api/inventory/location/4?include_zero=true
2025-07-01T18:04:49.025Z [INFO] GET /api/inventory/location/4
2025-07-01T18:10:23.293Z [INFO] Connecting to PostgreSQL: postgres@localhost:5432/twproject
2025-07-01T18:10:23.325Z [INFO] Scheduler disabled – background jobs will not run
2025-07-01T18:10:23.329Z [INFO] Minimal server listening on port 8000
2025-07-01T18:10:23.379Z [INFO] PostgreSQL connection successful. Server time: Tue Jul 01 2025 21:10:23 GMT+0300 (Eastern European Summer Time)
2025-07-01T18:10:52.293Z [INFO] [REQ] OPTIONS /api/auth/login
2025-07-01T18:10:52.297Z [INFO] [REQ] POST /api/auth/login
2025-07-01T18:10:52.298Z [INFO] POST /api/auth/login
2025-07-01T18:10:52.299Z [INFO] POST /api/login or /api/auth/login
2025-07-01T18:10:52.304Z [INFO] Login: Success for user admin@cas.local
2025-07-01T18:10:53.853Z [INFO] [REQ] OPTIONS /api/stats/dashboard
2025-07-01T18:10:53.858Z [INFO] [REQ] GET /api/stats/dashboard
2025-07-01T18:10:53.859Z [INFO] GET /api/stats/dashboard
2025-07-01T18:10:53.935Z [INFO] [REQ] OPTIONS /api/orders
2025-07-01T18:10:53.939Z [INFO] [REQ] GET /api/orders
2025-07-01T18:10:53.940Z [INFO] GET /api/orders?limit=5&sort=created_at:desc
2025-07-01T18:10:53.941Z [INFO] GET /api/orders
2025-07-01T18:10:53.964Z [INFO] [REQ] OPTIONS /api/stats/system-status
2025-07-01T18:10:53.969Z [INFO] [REQ] GET /api/stats/system-status
2025-07-01T18:10:53.970Z [INFO] GET /api/stats/system-status
2025-07-01T18:10:53.978Z [INFO] [REQ] OPTIONS /api/notifications/recent
2025-07-01T18:10:53.983Z [INFO] [REQ] GET /api/notifications/recent
2025-07-01T18:10:53.984Z [INFO] GET /api/notifications/recent?limit=5
2025-07-01T18:10:53.987Z [INFO] [REQ] OPTIONS /api/stats/performance
2025-07-01T18:10:53.989Z [INFO] [REQ] GET /api/stats/performance
2025-07-01T18:10:53.990Z [INFO] GET /api/stats/performance?days=7
2025-07-01T18:10:57.597Z [INFO] [REQ] OPTIONS /api/locations
2025-07-01T18:10:57.599Z [INFO] [REQ] GET /api/locations
2025-07-01T18:10:57.600Z [INFO] GET /api/locations
2025-07-01T18:10:57.600Z [INFO] GET /api/locations
2025-07-01T18:10:59.836Z [INFO] [REQ] OPTIONS /api/inventory/location/3
2025-07-01T18:10:59.839Z [INFO] [REQ] GET /api/inventory/location/3
2025-07-01T18:10:59.841Z [INFO] GET /api/inventory/location/3?include_zero=true
2025-07-01T18:10:59.842Z [INFO] GET /api/inventory/location/3
2025-07-01T18:11:03.573Z [INFO] [REQ] OPTIONS /api/inventory/import/3
2025-07-01T18:11:03.574Z [INFO] [REQ] POST /api/inventory/import/3
2025-07-01T18:11:03.575Z [INFO] POST /api/inventory/import/3
2025-07-01T18:11:05.363Z [INFO] [REQ] OPTIONS /api/locations
2025-07-01T18:11:05.366Z [INFO] [REQ] GET /api/locations
2025-07-01T18:11:05.367Z [INFO] GET /api/locations
2025-07-01T18:11:05.368Z [INFO] GET /api/locations
2025-07-01T18:11:05.373Z [INFO] [REQ] OPTIONS /api/inventory/location/1
2025-07-01T18:11:05.375Z [INFO] [REQ] GET /api/inventory/location/1
2025-07-01T18:11:05.376Z [INFO] GET /api/inventory/location/1?include_zero=true
2025-07-01T18:11:05.376Z [INFO] GET /api/inventory/location/1
2025-07-01T18:11:09.617Z [INFO] [REQ] OPTIONS /api/inventory/location/3
2025-07-01T18:11:09.620Z [INFO] [REQ] GET /api/inventory/location/3
2025-07-01T18:11:09.620Z [INFO] GET /api/inventory/location/3?include_zero=true
2025-07-01T18:11:09.621Z [INFO] GET /api/inventory/location/3
2025-07-01T18:20:02.239Z [INFO] [REQ] OPTIONS /api/stats/dashboard
2025-07-01T18:20:02.242Z [INFO] [REQ] GET /api/stats/dashboard
2025-07-01T18:20:02.242Z [INFO] GET /api/stats/dashboard
2025-07-01T18:20:02.327Z [INFO] [REQ] OPTIONS /api/orders
2025-07-01T18:20:02.329Z [INFO] [REQ] GET /api/orders
2025-07-01T18:20:02.329Z [INFO] GET /api/orders?limit=5&sort=created_at:desc
2025-07-01T18:20:02.329Z [INFO] GET /api/orders
2025-07-01T18:20:02.342Z [INFO] [REQ] OPTIONS /api/stats/system-status
2025-07-01T18:20:02.343Z [INFO] [REQ] GET /api/stats/system-status
2025-07-01T18:20:02.344Z [INFO] GET /api/stats/system-status
2025-07-01T18:20:02.351Z [INFO] [REQ] OPTIONS /api/notifications/recent
2025-07-01T18:20:02.353Z [INFO] [REQ] GET /api/notifications/recent
2025-07-01T18:20:02.353Z [INFO] GET /api/notifications/recent?limit=5
2025-07-01T18:20:02.358Z [INFO] [REQ] OPTIONS /api/stats/performance
2025-07-01T18:20:02.360Z [INFO] [REQ] GET /api/stats/performance
2025-07-01T18:20:02.360Z [INFO] GET /api/stats/performance?days=7
2025-07-01T18:20:03.526Z [INFO] [REQ] GET /api/stats/dashboard
2025-07-01T18:20:03.526Z [INFO] GET /api/stats/dashboard
2025-07-01T18:20:03.538Z [INFO] [REQ] GET /api/orders
2025-07-01T18:20:03.539Z [INFO] GET /api/orders?limit=5&sort=created_at:desc
2025-07-01T18:20:03.540Z [INFO] GET /api/orders
2025-07-01T18:20:03.547Z [INFO] [REQ] GET /api/stats/system-status
2025-07-01T18:20:03.547Z [INFO] GET /api/stats/system-status
2025-07-01T18:20:03.555Z [INFO] [REQ] GET /api/notifications/recent
2025-07-01T18:20:03.556Z [INFO] GET /api/notifications/recent?limit=5
2025-07-01T18:20:03.561Z [INFO] [REQ] GET /api/stats/performance
2025-07-01T18:20:03.562Z [INFO] GET /api/stats/performance?days=7
2025-07-01T18:20:04.888Z [INFO] [REQ] GET /api/stats/dashboard
2025-07-01T18:20:04.889Z [INFO] GET /api/stats/dashboard
2025-07-01T18:20:04.902Z [INFO] [REQ] GET /api/orders
2025-07-01T18:20:04.903Z [INFO] GET /api/orders?limit=5&sort=created_at:desc
2025-07-01T18:20:04.903Z [INFO] GET /api/orders
2025-07-01T18:20:04.911Z [INFO] [REQ] GET /api/stats/system-status
2025-07-01T18:20:04.912Z [INFO] GET /api/stats/system-status
2025-07-01T18:20:04.918Z [INFO] [REQ] GET /api/notifications/recent
2025-07-01T18:20:04.919Z [INFO] GET /api/notifications/recent?limit=5
2025-07-01T18:20:04.922Z [INFO] [REQ] GET /api/stats/performance
2025-07-01T18:20:04.923Z [INFO] GET /api/stats/performance?days=7
2025-07-01T18:20:06.014Z [INFO] [REQ] GET /api/stats/dashboard
2025-07-01T18:20:06.015Z [INFO] GET /api/stats/dashboard
2025-07-01T18:20:06.023Z [INFO] [REQ] GET /api/orders
2025-07-01T18:20:06.024Z [INFO] GET /api/orders?limit=5&sort=created_at:desc
2025-07-01T18:20:06.024Z [INFO] GET /api/orders
2025-07-01T18:20:06.031Z [INFO] [REQ] GET /api/stats/system-status
2025-07-01T18:20:06.032Z [INFO] GET /api/stats/system-status
2025-07-01T18:20:06.039Z [INFO] [REQ] GET /api/notifications/recent
2025-07-01T18:20:06.039Z [INFO] GET /api/notifications/recent?limit=5
2025-07-01T18:20:06.043Z [INFO] [REQ] GET /api/stats/performance
2025-07-01T18:20:06.043Z [INFO] GET /api/stats/performance?days=7
2025-07-01T18:20:12.196Z [INFO] [REQ] OPTIONS /api/stats/dashboard
2025-07-01T18:20:12.199Z [INFO] [REQ] GET /api/stats/dashboard
2025-07-01T18:20:12.199Z [INFO] GET /api/stats/dashboard
2025-07-01T18:20:12.207Z [INFO] [REQ] OPTIONS /api/orders
2025-07-01T18:20:12.210Z [INFO] [REQ] GET /api/orders
2025-07-01T18:20:12.211Z [INFO] GET /api/orders?limit=5&sort=created_at:desc
2025-07-01T18:20:12.211Z [INFO] GET /api/orders
2025-07-01T18:20:12.226Z [INFO] [REQ] OPTIONS /api/stats/system-status
2025-07-01T18:20:12.230Z [INFO] [REQ] GET /api/stats/system-status
2025-07-01T18:20:12.230Z [INFO] GET /api/stats/system-status
2025-07-01T18:20:12.236Z [INFO] [REQ] OPTIONS /api/notifications/recent
2025-07-01T18:20:12.239Z [INFO] [REQ] GET /api/notifications/recent
2025-07-01T18:20:12.240Z [INFO] GET /api/notifications/recent?limit=5
2025-07-01T18:20:12.244Z [INFO] [REQ] OPTIONS /api/stats/performance
2025-07-01T18:20:12.246Z [INFO] [REQ] GET /api/stats/performance
2025-07-01T18:20:12.247Z [INFO] GET /api/stats/performance?days=7
2025-07-01T18:20:19.311Z [INFO] [REQ] POST /api/auth/login
2025-07-01T18:20:19.311Z [INFO] POST /api/auth/login
2025-07-01T18:20:19.312Z [INFO] POST /api/login or /api/auth/login
2025-07-01T18:20:19.313Z [INFO] Login: Success for user admin@cas.local
2025-07-01T18:20:19.319Z [INFO] [REQ] POST /api/inventory/import/3
2025-07-01T18:20:19.319Z [INFO] POST /api/inventory/import/3
2025-07-01T18:20:19.344Z [INFO] [REQ] GET /api/inventory/location/3
2025-07-01T18:20:19.345Z [INFO] GET /api/inventory/location/3?include_zero=true
2025-07-01T18:20:19.346Z [INFO] GET /api/inventory/location/3
2025-07-01T18:20:19.414Z [INFO] [REQ] OPTIONS /api/stats/dashboard
2025-07-01T18:20:19.417Z [INFO] [REQ] GET /api/stats/dashboard
2025-07-01T18:20:19.418Z [INFO] GET /api/stats/dashboard
2025-07-01T18:20:19.428Z [INFO] [REQ] OPTIONS /api/orders
2025-07-01T18:20:19.432Z [INFO] [REQ] GET /api/orders
2025-07-01T18:20:19.432Z [INFO] GET /api/orders?limit=5&sort=created_at:desc
2025-07-01T18:20:19.433Z [INFO] GET /api/orders
2025-07-01T18:20:19.440Z [INFO] [REQ] OPTIONS /api/stats/system-status
2025-07-01T18:20:19.444Z [INFO] [REQ] GET /api/stats/system-status
2025-07-01T18:20:19.445Z [INFO] GET /api/stats/system-status
2025-07-01T18:20:19.450Z [INFO] [REQ] OPTIONS /api/notifications/recent
2025-07-01T18:20:19.452Z [INFO] [REQ] GET /api/notifications/recent
2025-07-01T18:20:19.453Z [INFO] GET /api/notifications/recent?limit=5
2025-07-01T18:20:19.456Z [INFO] [REQ] OPTIONS /api/stats/performance
2025-07-01T18:20:19.460Z [INFO] [REQ] GET /api/stats/performance
2025-07-01T18:20:19.460Z [INFO] GET /api/stats/performance?days=7
2025-07-01T18:20:20.003Z [INFO] [REQ] GET /api/stats/dashboard
2025-07-01T18:20:20.004Z [INFO] GET /api/stats/dashboard
2025-07-01T18:20:20.016Z [INFO] [REQ] GET /api/orders
2025-07-01T18:20:20.017Z [INFO] GET /api/orders?limit=5&sort=created_at:desc
2025-07-01T18:20:20.017Z [INFO] GET /api/orders
2025-07-01T18:20:20.028Z [INFO] [REQ] GET /api/stats/system-status
2025-07-01T18:20:20.029Z [INFO] GET /api/stats/system-status
2025-07-01T18:20:20.036Z [INFO] [REQ] GET /api/notifications/recent
2025-07-01T18:20:20.037Z [INFO] GET /api/notifications/recent?limit=5
2025-07-01T18:20:20.042Z [INFO] [REQ] GET /api/stats/performance
2025-07-01T18:20:20.043Z [INFO] GET /api/stats/performance?days=7
2025-07-01T18:20:28.788Z [INFO] [REQ] POST /api/auth/login
2025-07-01T18:20:28.789Z [INFO] POST /api/auth/login
2025-07-01T18:20:28.789Z [INFO] POST /api/login or /api/auth/login
2025-07-01T18:20:28.791Z [INFO] Login: Success for user admin@cas.local
2025-07-01T18:20:28.797Z [INFO] [REQ] POST /api/inventory/import/3
2025-07-01T18:20:28.797Z [INFO] POST /api/inventory/import/3
2025-07-01T18:20:28.825Z [INFO] [REQ] GET /api/inventory/location/3
2025-07-01T18:20:28.826Z [INFO] GET /api/inventory/location/3?include_zero=true
2025-07-01T18:20:28.826Z [INFO] GET /api/inventory/location/3
2025-07-01T18:21:11.147Z [INFO] [REQ] OPTIONS /api/auth/login
2025-07-01T18:21:11.149Z [INFO] [REQ] POST /api/auth/login
2025-07-01T18:21:11.149Z [INFO] POST /api/auth/login
2025-07-01T18:21:11.150Z [INFO] POST /api/login or /api/auth/login
2025-07-01T18:21:11.196Z [INFO] Login: Success for user admin@cas.local
2025-07-01T18:21:12.740Z [INFO] [REQ] OPTIONS /api/stats/dashboard
2025-07-01T18:21:12.742Z [INFO] [REQ] GET /api/stats/dashboard
2025-07-01T18:21:12.743Z [INFO] GET /api/stats/dashboard
2025-07-01T18:21:12.803Z [INFO] [REQ] OPTIONS /api/orders
2025-07-01T18:21:12.805Z [INFO] [REQ] GET /api/orders
2025-07-01T18:21:12.805Z [INFO] GET /api/orders?limit=5&sort=created_at:desc
2025-07-01T18:21:12.806Z [INFO] GET /api/orders
2025-07-01T18:21:12.822Z [INFO] [REQ] OPTIONS /api/stats/system-status
2025-07-01T18:21:12.824Z [INFO] [REQ] GET /api/stats/system-status
2025-07-01T18:21:12.824Z [INFO] GET /api/stats/system-status
2025-07-01T18:21:12.832Z [INFO] [REQ] OPTIONS /api/notifications/recent
2025-07-01T18:21:12.834Z [INFO] [REQ] GET /api/notifications/recent
2025-07-01T18:21:12.834Z [INFO] GET /api/notifications/recent?limit=5
2025-07-01T18:21:12.837Z [INFO] [REQ] OPTIONS /api/stats/performance
2025-07-01T18:21:12.839Z [INFO] [REQ] GET /api/stats/performance
2025-07-01T18:21:12.839Z [INFO] GET /api/stats/performance?days=7
2025-07-01T18:21:16.405Z [INFO] [REQ] OPTIONS /api/locations
2025-07-01T18:21:16.407Z [INFO] [REQ] GET /api/locations
2025-07-01T18:21:16.408Z [INFO] GET /api/locations
2025-07-01T18:21:16.408Z [INFO] GET /api/locations
2025-07-01T18:21:18.370Z [INFO] [REQ] OPTIONS /api/inventory/location/7
2025-07-01T18:21:18.372Z [INFO] [REQ] GET /api/inventory/location/7
2025-07-01T18:21:18.373Z [INFO] GET /api/inventory/location/7?include_zero=true
2025-07-01T18:21:18.373Z [INFO] GET /api/inventory/location/7
2025-07-01T18:21:22.600Z [INFO] [REQ] OPTIONS /api/inventory/import/7
2025-07-01T18:21:22.602Z [INFO] [REQ] POST /api/inventory/import/7
2025-07-01T18:21:22.602Z [INFO] POST /api/inventory/import/7
2025-07-01T18:24:39.512Z [INFO] [REQ] OPTIONS /api/inventory/location/2
2025-07-01T18:24:39.516Z [INFO] [REQ] GET /api/inventory/location/2
2025-07-01T18:24:39.517Z [INFO] GET /api/inventory/location/2?include_zero=true
2025-07-01T18:24:39.517Z [INFO] GET /api/inventory/location/2
2025-07-01T18:24:42.831Z [INFO] [REQ] OPTIONS /api/inventory/import/2
2025-07-01T18:24:42.833Z [INFO] [REQ] POST /api/inventory/import/2
2025-07-01T18:24:42.833Z [INFO] POST /api/inventory/import/2
2025-07-01T18:24:54.231Z [INFO] [REQ] POST /api/auth/login
2025-07-01T18:24:54.231Z [INFO] POST /api/auth/login
2025-07-01T18:24:54.231Z [INFO] POST /api/login or /api/auth/login
2025-07-01T18:24:54.234Z [INFO] Login: Success for user admin@cas.local
2025-07-01T18:25:19.434Z [INFO] [REQ] OPTIONS /api/stats/dashboard
2025-07-01T18:25:19.436Z [INFO] [REQ] GET /api/stats/dashboard
2025-07-01T18:25:19.437Z [INFO] GET /api/stats/dashboard
2025-07-01T18:25:19.442Z [INFO] [REQ] GET /api/stats/dashboard
2025-07-01T18:25:19.443Z [INFO] GET /api/stats/dashboard
2025-07-01T18:25:19.523Z [INFO] [REQ] OPTIONS /api/orders
2025-07-01T18:25:19.526Z [INFO] [REQ] GET /api/orders
2025-07-01T18:25:19.526Z [INFO] GET /api/orders?limit=5&sort=created_at:desc
2025-07-01T18:25:19.526Z [INFO] GET /api/orders
2025-07-01T18:25:19.530Z [INFO] [REQ] GET /api/orders
2025-07-01T18:25:19.531Z [INFO] GET /api/orders?limit=5&sort=created_at:desc
2025-07-01T18:25:19.531Z [INFO] GET /api/orders
2025-07-01T18:25:19.534Z [INFO] [REQ] OPTIONS /api/stats/system-status
2025-07-01T18:25:19.535Z [INFO] [REQ] GET /api/stats/system-status
2025-07-01T18:25:19.536Z [INFO] GET /api/stats/system-status
2025-07-01T18:25:19.536Z [INFO] [REQ] GET /api/stats/system-status
2025-07-01T18:25:19.537Z [INFO] GET /api/stats/system-status
2025-07-01T18:25:19.544Z [INFO] [REQ] OPTIONS /api/notifications/recent
2025-07-01T18:25:19.544Z [INFO] [REQ] OPTIONS /api/notifications/recent
2025-07-01T18:25:19.546Z [INFO] [REQ] GET /api/notifications/recent
2025-07-01T18:25:19.546Z [INFO] GET /api/notifications/recent?limit=5
2025-07-01T18:25:19.547Z [INFO] [REQ] GET /api/notifications/recent
2025-07-01T18:25:19.548Z [INFO] GET /api/notifications/recent?limit=5
2025-07-01T18:25:19.563Z [INFO] [REQ] OPTIONS /api/stats/performance
2025-07-01T18:25:19.564Z [INFO] [REQ] OPTIONS /api/stats/performance
2025-07-01T18:25:19.567Z [INFO] [REQ] GET /api/stats/performance
2025-07-01T18:25:19.567Z [INFO] GET /api/stats/performance?days=7
2025-07-01T18:25:19.568Z [INFO] [REQ] GET /api/stats/performance
2025-07-01T18:25:19.568Z [INFO] GET /api/stats/performance?days=7
2025-07-01T18:25:20.027Z [INFO] [REQ] GET /api/stats/dashboard
2025-07-01T18:25:20.028Z [INFO] GET /api/stats/dashboard
2025-07-01T18:25:20.032Z [INFO] [REQ] GET /api/stats/dashboard
2025-07-01T18:25:20.033Z [INFO] GET /api/stats/dashboard
2025-07-01T18:25:20.038Z [INFO] [REQ] GET /api/orders
2025-07-01T18:25:20.039Z [INFO] GET /api/orders?limit=5&sort=created_at:desc
2025-07-01T18:25:20.040Z [INFO] GET /api/orders
2025-07-01T18:25:20.045Z [INFO] [REQ] GET /api/orders
2025-07-01T18:25:20.046Z [INFO] GET /api/orders?limit=5&sort=created_at:desc
2025-07-01T18:25:20.046Z [INFO] GET /api/orders
2025-07-01T18:25:20.050Z [INFO] [REQ] GET /api/stats/system-status
2025-07-01T18:25:20.051Z [INFO] GET /api/stats/system-status
2025-07-01T18:25:20.058Z [INFO] [REQ] GET /api/stats/system-status
2025-07-01T18:25:20.059Z [INFO] GET /api/stats/system-status
2025-07-01T18:25:20.060Z [INFO] [REQ] GET /api/notifications/recent
2025-07-01T18:25:20.060Z [INFO] GET /api/notifications/recent?limit=5
2025-07-01T18:25:20.065Z [INFO] [REQ] GET /api/stats/performance
2025-07-01T18:25:20.066Z [INFO] GET /api/stats/performance?days=7
2025-07-01T18:25:20.068Z [INFO] [REQ] GET /api/notifications/recent
2025-07-01T18:25:20.069Z [INFO] GET /api/notifications/recent?limit=5
2025-07-01T18:25:20.074Z [INFO] [REQ] GET /api/stats/performance
2025-07-01T18:25:20.075Z [INFO] GET /api/stats/performance?days=7
2025-07-01T18:28:36.718Z [INFO] [REQ] OPTIONS /api/stats/dashboard
2025-07-01T18:28:36.723Z [INFO] [REQ] OPTIONS /api/stats/dashboard
2025-07-01T18:28:36.724Z [INFO] [REQ] GET /api/stats/dashboard
2025-07-01T18:28:36.725Z [INFO] GET /api/stats/dashboard
2025-07-01T18:28:36.727Z [INFO] [REQ] GET /api/stats/dashboard
2025-07-01T18:28:36.728Z [INFO] GET /api/stats/dashboard
2025-07-01T18:28:36.810Z [INFO] [REQ] OPTIONS /api/orders
2025-07-01T18:28:36.812Z [INFO] [REQ] GET /api/orders
2025-07-01T18:28:36.812Z [INFO] GET /api/orders?limit=5&sort=created_at:desc
2025-07-01T18:28:36.812Z [INFO] GET /api/orders
2025-07-01T18:28:36.815Z [INFO] [REQ] GET /api/orders
2025-07-01T18:28:36.815Z [INFO] GET /api/orders?limit=5&sort=created_at:desc
2025-07-01T18:28:36.815Z [INFO] GET /api/orders
2025-07-01T18:28:36.822Z [INFO] [REQ] OPTIONS /api/stats/system-status
2025-07-01T18:28:36.824Z [INFO] [REQ] GET /api/stats/system-status
2025-07-01T18:28:36.825Z [INFO] GET /api/stats/system-status
2025-07-01T18:28:36.825Z [INFO] [REQ] GET /api/stats/system-status
2025-07-01T18:28:36.825Z [INFO] GET /api/stats/system-status
2025-07-01T18:28:36.830Z [INFO] [REQ] OPTIONS /api/notifications/recent
2025-07-01T18:28:36.831Z [INFO] [REQ] GET /api/notifications/recent
2025-07-01T18:28:36.832Z [INFO] GET /api/notifications/recent?limit=5
2025-07-01T18:28:36.833Z [INFO] [REQ] GET /api/notifications/recent
2025-07-01T18:28:36.833Z [INFO] GET /api/notifications/recent?limit=5
2025-07-01T18:28:36.836Z [INFO] [REQ] OPTIONS /api/stats/performance
2025-07-01T18:28:36.838Z [INFO] [REQ] OPTIONS /api/stats/performance
2025-07-01T18:28:36.839Z [INFO] [REQ] GET /api/stats/performance
2025-07-01T18:28:36.840Z [INFO] GET /api/stats/performance?days=7
2025-07-01T18:28:36.840Z [INFO] [REQ] GET /api/stats/performance
2025-07-01T18:28:36.840Z [INFO] GET /api/stats/performance?days=7
2025-07-01T18:29:25.465Z [INFO] [REQ] OPTIONS /api/stats/dashboard
2025-07-01T18:29:25.466Z [INFO] [REQ] OPTIONS /api/stats/dashboard
2025-07-01T18:29:25.471Z [INFO] [REQ] GET /api/stats/dashboard
2025-07-01T18:29:25.471Z [INFO] GET /api/stats/dashboard
2025-07-01T18:29:25.473Z [INFO] [REQ] GET /api/stats/dashboard
2025-07-01T18:29:25.474Z [INFO] GET /api/stats/dashboard
2025-07-01T18:29:25.560Z [INFO] [REQ] OPTIONS /api/orders
2025-07-01T18:29:25.562Z [INFO] [REQ] GET /api/orders
2025-07-01T18:29:25.562Z [INFO] GET /api/orders?limit=5&sort=created_at:desc
2025-07-01T18:29:25.562Z [INFO] GET /api/orders
2025-07-01T18:29:25.564Z [INFO] [REQ] GET /api/orders
2025-07-01T18:29:25.565Z [INFO] GET /api/orders?limit=5&sort=created_at:desc
2025-07-01T18:29:25.565Z [INFO] GET /api/orders
2025-07-01T18:29:25.573Z [INFO] [REQ] OPTIONS /api/stats/system-status
2025-07-01T18:29:25.574Z [INFO] [REQ] GET /api/stats/system-status
2025-07-01T18:29:25.575Z [INFO] GET /api/stats/system-status
2025-07-01T18:29:25.575Z [INFO] [REQ] GET /api/stats/system-status
2025-07-01T18:29:25.576Z [INFO] GET /api/stats/system-status
2025-07-01T18:29:25.584Z [INFO] [REQ] OPTIONS /api/notifications/recent
2025-07-01T18:29:25.585Z [INFO] [REQ] OPTIONS /api/notifications/recent
2025-07-01T18:29:25.586Z [INFO] [REQ] GET /api/notifications/recent
2025-07-01T18:29:25.587Z [INFO] GET /api/notifications/recent?limit=5
2025-07-01T18:29:25.587Z [INFO] [REQ] GET /api/notifications/recent
2025-07-01T18:29:25.588Z [INFO] GET /api/notifications/recent?limit=5
2025-07-01T18:29:25.591Z [INFO] [REQ] OPTIONS /api/stats/performance
2025-07-01T18:29:25.592Z [INFO] [REQ] OPTIONS /api/stats/performance
2025-07-01T18:29:25.593Z [INFO] [REQ] GET /api/stats/performance
2025-07-01T18:29:25.594Z [INFO] GET /api/stats/performance?days=7
2025-07-01T18:29:25.594Z [INFO] [REQ] GET /api/stats/performance
2025-07-01T18:29:25.595Z [INFO] GET /api/stats/performance?days=7
2025-07-01T18:29:26.962Z [INFO] [REQ] GET /api/stats/dashboard
2025-07-01T18:29:26.962Z [INFO] GET /api/stats/dashboard
2025-07-01T18:29:26.969Z [INFO] [REQ] GET /api/stats/dashboard
2025-07-01T18:29:26.970Z [INFO] GET /api/stats/dashboard
2025-07-01T18:29:26.975Z [INFO] [REQ] GET /api/orders
2025-07-01T18:29:26.975Z [INFO] GET /api/orders?limit=5&sort=created_at:desc
2025-07-01T18:29:26.976Z [INFO] GET /api/orders
2025-07-01T18:29:26.976Z [INFO] [REQ] GET /api/orders
2025-07-01T18:29:26.977Z [INFO] GET /api/orders?limit=5&sort=created_at:desc
2025-07-01T18:29:26.977Z [INFO] GET /api/orders
2025-07-01T18:29:26.989Z [INFO] [REQ] GET /api/stats/system-status
2025-07-01T18:29:26.990Z [INFO] GET /api/stats/system-status
2025-07-01T18:29:26.991Z [INFO] [REQ] GET /api/stats/system-status
2025-07-01T18:29:26.992Z [INFO] GET /api/stats/system-status
2025-07-01T18:29:26.997Z [INFO] [REQ] GET /api/notifications/recent
2025-07-01T18:29:26.998Z [INFO] GET /api/notifications/recent?limit=5
2025-07-01T18:29:26.999Z [INFO] [REQ] GET /api/notifications/recent
2025-07-01T18:29:27.000Z [INFO] GET /api/notifications/recent?limit=5
2025-07-01T18:29:27.004Z [INFO] [REQ] GET /api/stats/performance
2025-07-01T18:29:27.005Z [INFO] GET /api/stats/performance?days=7
2025-07-01T18:29:27.005Z [INFO] [REQ] GET /api/stats/performance
2025-07-01T18:29:27.005Z [INFO] GET /api/stats/performance?days=7
2025-07-01T18:29:28.220Z [INFO] [REQ] GET /api/stats/dashboard
2025-07-01T18:29:28.221Z [INFO] GET /api/stats/dashboard
2025-07-01T18:29:28.222Z [INFO] [REQ] GET /api/stats/dashboard
2025-07-01T18:29:28.223Z [INFO] GET /api/stats/dashboard
2025-07-01T18:29:28.232Z [INFO] [REQ] GET /api/orders
2025-07-01T18:29:28.233Z [INFO] GET /api/orders?limit=5&sort=created_at:desc
2025-07-01T18:29:28.234Z [INFO] GET /api/orders
2025-07-01T18:29:28.238Z [INFO] [REQ] GET /api/orders
2025-07-01T18:29:28.239Z [INFO] GET /api/orders?limit=5&sort=created_at:desc
2025-07-01T18:29:28.239Z [INFO] GET /api/orders
2025-07-01T18:29:28.246Z [INFO] [REQ] GET /api/stats/system-status
2025-07-01T18:29:28.247Z [INFO] GET /api/stats/system-status
2025-07-01T18:29:28.248Z [INFO] [REQ] GET /api/stats/system-status
2025-07-01T18:29:28.248Z [INFO] GET /api/stats/system-status
2025-07-01T18:29:28.254Z [INFO] [REQ] GET /api/notifications/recent
2025-07-01T18:29:28.255Z [INFO] GET /api/notifications/recent?limit=5
2025-07-01T18:29:28.256Z [INFO] [REQ] GET /api/notifications/recent
2025-07-01T18:29:28.257Z [INFO] GET /api/notifications/recent?limit=5
2025-07-01T18:29:28.259Z [INFO] [REQ] GET /api/stats/performance
2025-07-01T18:29:28.260Z [INFO] GET /api/stats/performance?days=7
2025-07-01T18:29:28.261Z [INFO] [REQ] GET /api/stats/performance
2025-07-01T18:29:28.262Z [INFO] GET /api/stats/performance?days=7
2025-07-01T18:29:39.905Z [INFO] [REQ] POST /api/auth/login
2025-07-01T18:29:39.905Z [INFO] POST /api/auth/login
2025-07-01T18:29:39.905Z [INFO] POST /api/login or /api/auth/login
2025-07-01T18:29:39.906Z [INFO] Login: Success for user admin@cas.local
2025-07-01T18:29:39.913Z [INFO] [REQ] POST /api/inventory/import/7
2025-07-01T18:29:39.915Z [INFO] POST /api/inventory/import/7
2025-07-01T18:30:12.287Z [INFO] [REQ] OPTIONS /api/stats/dashboard
2025-07-01T18:30:12.293Z [INFO] [REQ] GET /api/stats/dashboard
2025-07-01T18:30:12.294Z [INFO] GET /api/stats/dashboard
2025-07-01T18:30:12.302Z [INFO] [REQ] GET /api/stats/dashboard
2025-07-01T18:30:12.304Z [INFO] GET /api/stats/dashboard
2025-07-01T18:30:12.422Z [INFO] [REQ] OPTIONS /api/orders
2025-07-01T18:30:12.428Z [INFO] [REQ] GET /api/orders
2025-07-01T18:30:12.428Z [INFO] GET /api/orders?limit=5&sort=created_at:desc
2025-07-01T18:30:12.429Z [INFO] GET /api/orders
2025-07-01T18:30:12.445Z [INFO] [REQ] OPTIONS /api/stats/system-status
2025-07-01T18:30:12.448Z [INFO] [REQ] GET /api/stats/system-status
2025-07-01T18:30:12.449Z [INFO] GET /api/stats/system-status
2025-07-01T18:30:12.462Z [INFO] [REQ] GET /api/orders
2025-07-01T18:30:12.463Z [INFO] GET /api/orders?limit=5&sort=created_at:desc
2025-07-01T18:30:12.464Z [INFO] GET /api/orders
2025-07-01T18:30:12.465Z [INFO] [REQ] OPTIONS /api/notifications/recent
2025-07-01T18:30:12.469Z [INFO] [REQ] GET /api/notifications/recent
2025-07-01T18:30:12.470Z [INFO] GET /api/notifications/recent?limit=5
2025-07-01T18:30:12.477Z [INFO] [REQ] OPTIONS /api/stats/performance
2025-07-01T18:30:12.480Z [INFO] [REQ] GET /api/stats/system-status
2025-07-01T18:30:12.481Z [INFO] GET /api/stats/system-status
2025-07-01T18:30:12.487Z [INFO] [REQ] GET /api/stats/performance
2025-07-01T18:30:12.487Z [INFO] GET /api/stats/performance?days=7
2025-07-01T18:30:12.499Z [INFO] [REQ] GET /api/notifications/recent
2025-07-01T18:30:12.500Z [INFO] GET /api/notifications/recent?limit=5
2025-07-01T18:30:12.508Z [INFO] [REQ] GET /api/stats/performance
2025-07-01T18:30:12.509Z [INFO] GET /api/stats/performance?days=7
2025-07-01T18:30:13.650Z [INFO] [REQ] GET /api/stats/dashboard
2025-07-01T18:30:13.651Z [INFO] GET /api/stats/dashboard
2025-07-01T18:30:13.653Z [INFO] [REQ] GET /api/stats/dashboard
2025-07-01T18:30:13.654Z [INFO] GET /api/stats/dashboard
2025-07-01T18:30:13.673Z [INFO] [REQ] GET /api/orders
2025-07-01T18:30:13.673Z [INFO] GET /api/orders?limit=5&sort=created_at:desc
2025-07-01T18:30:13.674Z [INFO] GET /api/orders
2025-07-01T18:30:13.675Z [INFO] [REQ] GET /api/orders
2025-07-01T18:30:13.678Z [INFO] GET /api/orders?limit=5&sort=created_at:desc
2025-07-01T18:30:13.679Z [INFO] GET /api/orders
2025-07-01T18:30:13.692Z [INFO] [REQ] GET /api/stats/system-status
2025-07-01T18:30:13.693Z [INFO] GET /api/stats/system-status
2025-07-01T18:30:13.694Z [INFO] [REQ] GET /api/stats/system-status
2025-07-01T18:30:13.695Z [INFO] GET /api/stats/system-status
2025-07-01T18:30:13.704Z [INFO] [REQ] GET /api/notifications/recent
2025-07-01T18:30:13.705Z [INFO] GET /api/notifications/recent?limit=5
2025-07-01T18:30:13.706Z [INFO] [REQ] GET /api/notifications/recent
2025-07-01T18:30:13.707Z [INFO] GET /api/notifications/recent?limit=5
2025-07-01T18:30:13.711Z [INFO] [REQ] GET /api/stats/performance
2025-07-01T18:30:13.712Z [INFO] GET /api/stats/performance?days=7
2025-07-01T18:30:13.712Z [INFO] [REQ] GET /api/stats/performance
2025-07-01T18:30:13.713Z [INFO] GET /api/stats/performance?days=7
2025-07-01T18:30:15.468Z [INFO] [REQ] GET /api/stats/dashboard
2025-07-01T18:30:15.469Z [INFO] GET /api/stats/dashboard
2025-07-01T18:30:15.474Z [INFO] [REQ] GET /api/stats/dashboard
2025-07-01T18:30:15.474Z [INFO] GET /api/stats/dashboard
2025-07-01T18:30:15.479Z [INFO] [REQ] GET /api/orders
2025-07-01T18:30:15.480Z [INFO] GET /api/orders?limit=5&sort=created_at:desc
2025-07-01T18:30:15.481Z [INFO] GET /api/orders
2025-07-01T18:30:15.493Z [INFO] [REQ] GET /api/orders
2025-07-01T18:30:15.495Z [INFO] GET /api/orders?limit=5&sort=created_at:desc
2025-07-01T18:30:15.495Z [INFO] GET /api/orders
2025-07-01T18:30:15.506Z [INFO] [REQ] GET /api/stats/system-status
2025-07-01T18:30:15.507Z [INFO] GET /api/stats/system-status
2025-07-01T18:30:15.508Z [INFO] [REQ] GET /api/stats/system-status
2025-07-01T18:30:15.508Z [INFO] GET /api/stats/system-status
2025-07-01T18:30:15.518Z [INFO] [REQ] GET /api/notifications/recent
2025-07-01T18:30:15.520Z [INFO] GET /api/notifications/recent?limit=5
2025-07-01T18:30:15.521Z [INFO] [REQ] GET /api/notifications/recent
2025-07-01T18:30:15.521Z [INFO] GET /api/notifications/recent?limit=5
2025-07-01T18:30:15.525Z [INFO] [REQ] GET /api/stats/performance
2025-07-01T18:30:15.525Z [INFO] GET /api/stats/performance?days=7
2025-07-01T18:30:15.526Z [INFO] [REQ] GET /api/stats/performance
2025-07-01T18:30:15.527Z [INFO] GET /api/stats/performance?days=7
2025-07-01T18:30:19.446Z [INFO] [REQ] OPTIONS /api/stats/dashboard
2025-07-01T18:30:19.448Z [INFO] [REQ] GET /api/stats/dashboard
2025-07-01T18:30:19.448Z [INFO] GET /api/stats/dashboard
2025-07-01T18:30:19.449Z [INFO] [REQ] GET /api/stats/dashboard
2025-07-01T18:30:19.450Z [INFO] GET /api/stats/dashboard
2025-07-01T18:30:19.460Z [INFO] [REQ] OPTIONS /api/orders
2025-07-01T18:30:19.461Z [INFO] [REQ] OPTIONS /api/orders
2025-07-01T18:30:19.464Z [INFO] [REQ] GET /api/orders
2025-07-01T18:30:19.464Z [INFO] GET /api/orders?limit=5&sort=created_at:desc
2025-07-01T18:30:19.464Z [INFO] GET /api/orders
2025-07-01T18:30:19.465Z [INFO] [REQ] GET /api/orders
2025-07-01T18:30:19.466Z [INFO] GET /api/orders?limit=5&sort=created_at:desc
2025-07-01T18:30:19.466Z [INFO] GET /api/orders
2025-07-01T18:30:19.475Z [INFO] [REQ] OPTIONS /api/stats/system-status
2025-07-01T18:30:19.477Z [INFO] [REQ] OPTIONS /api/stats/system-status
2025-07-01T18:30:19.478Z [INFO] [REQ] GET /api/stats/system-status
2025-07-01T18:30:19.479Z [INFO] GET /api/stats/system-status
2025-07-01T18:30:19.480Z [INFO] [REQ] GET /api/stats/system-status
2025-07-01T18:30:19.481Z [INFO] GET /api/stats/system-status
2025-07-01T18:30:19.486Z [INFO] [REQ] OPTIONS /api/notifications/recent
2025-07-01T18:30:19.486Z [INFO] [REQ] OPTIONS /api/notifications/recent
2025-07-01T18:30:19.489Z [INFO] [REQ] GET /api/notifications/recent
2025-07-01T18:30:19.491Z [INFO] GET /api/notifications/recent?limit=5
2025-07-01T18:30:19.492Z [INFO] [REQ] GET /api/notifications/recent
2025-07-01T18:30:19.493Z [INFO] GET /api/notifications/recent?limit=5
2025-07-01T18:30:19.495Z [INFO] [REQ] OPTIONS /api/stats/performance
2025-07-01T18:30:19.496Z [INFO] [REQ] OPTIONS /api/stats/performance
2025-07-01T18:30:19.497Z [INFO] [REQ] GET /api/stats/performance
2025-07-01T18:30:19.498Z [INFO] GET /api/stats/performance?days=7
2025-07-01T18:30:19.499Z [INFO] [REQ] GET /api/stats/performance
2025-07-01T18:30:19.499Z [INFO] GET /api/stats/performance?days=7
2025-07-01T18:30:20.247Z [INFO] [REQ] GET /api/stats/dashboard
2025-07-01T18:30:20.248Z [INFO] GET /api/stats/dashboard
2025-07-01T18:30:20.250Z [INFO] [REQ] GET /api/stats/dashboard
2025-07-01T18:30:20.250Z [INFO] GET /api/stats/dashboard
2025-07-01T18:30:20.267Z [INFO] [REQ] GET /api/orders
2025-07-01T18:30:20.268Z [INFO] GET /api/orders?limit=5&sort=created_at:desc
2025-07-01T18:30:20.268Z [INFO] GET /api/orders
2025-07-01T18:30:20.270Z [INFO] [REQ] GET /api/orders
2025-07-01T18:30:20.271Z [INFO] GET /api/orders?limit=5&sort=created_at:desc
2025-07-01T18:30:20.271Z [INFO] GET /api/orders
2025-07-01T18:30:20.280Z [INFO] [REQ] GET /api/stats/system-status
2025-07-01T18:30:20.280Z [INFO] GET /api/stats/system-status
2025-07-01T18:30:20.281Z [INFO] [REQ] GET /api/stats/system-status
2025-07-01T18:30:20.282Z [INFO] GET /api/stats/system-status
2025-07-01T18:30:20.290Z [INFO] [REQ] GET /api/notifications/recent
2025-07-01T18:30:20.290Z [INFO] GET /api/notifications/recent?limit=5
2025-07-01T18:30:20.291Z [INFO] [REQ] GET /api/notifications/recent
2025-07-01T18:30:20.291Z [INFO] GET /api/notifications/recent?limit=5
2025-07-01T18:30:20.294Z [INFO] [REQ] GET /api/stats/performance
2025-07-01T18:30:20.295Z [INFO] GET /api/stats/performance?days=7
2025-07-01T18:30:20.295Z [INFO] [REQ] GET /api/stats/performance
2025-07-01T18:30:20.296Z [INFO] GET /api/stats/performance?days=7
2025-07-01T18:30:33.563Z [INFO] Connecting to PostgreSQL: postgres@localhost:5432/twproject
2025-07-01T18:30:33.635Z [INFO] Scheduler disabled – background jobs will not run
2025-07-01T18:30:33.641Z [INFO] Minimal server listening on port 8000
2025-07-01T18:30:33.724Z [INFO] PostgreSQL connection successful. Server time: Tue Jul 01 2025 21:30:33 GMT+0300 (Eastern European Summer Time)
2025-07-01T18:31:23.382Z [INFO] [REQ] POST /api/auth/login
2025-07-01T18:31:23.384Z [INFO] POST /api/auth/login
2025-07-01T18:31:23.385Z [INFO] POST /api/login or /api/auth/login
2025-07-01T18:31:23.553Z [INFO] Login: Success for user admin@cas.local
2025-07-01T18:31:23.562Z [INFO] [REQ] POST /api/inventory/import/3
2025-07-01T18:31:23.564Z [INFO] POST /api/inventory/import/3
2025-07-01T18:31:23.593Z [INFO] [REQ] GET /api/inventory/location/3
2025-07-01T18:31:23.594Z [INFO] GET /api/inventory/location/3?include_zero=true
2025-07-01T18:31:23.594Z [INFO] GET /api/inventory/location/3
2025-07-01T18:32:36.243Z [INFO] Connecting to PostgreSQL: postgres@localhost:5432/twproject
2025-07-01T18:32:36.275Z [INFO] Scheduler disabled – background jobs will not run
2025-07-01T18:32:36.277Z [INFO] Minimal server listening on port 8000
2025-07-01T18:32:36.325Z [INFO] PostgreSQL connection successful. Server time: Tue Jul 01 2025 21:32:36 GMT+0300 (Eastern European Summer Time)
2025-07-01T18:33:04.839Z [INFO] [REQ] OPTIONS /api/auth/login
2025-07-01T18:33:04.846Z [INFO] [REQ] POST /api/auth/login
2025-07-01T18:33:04.849Z [INFO] POST /api/auth/login
2025-07-01T18:33:04.850Z [INFO] POST /api/login or /api/auth/login
2025-07-01T18:33:04.862Z [INFO] Login: Success for user admin@cas.local
2025-07-01T18:33:06.422Z [INFO] [REQ] OPTIONS /api/stats/dashboard
2025-07-01T18:33:06.425Z [INFO] [REQ] GET /api/stats/dashboard
2025-07-01T18:33:06.426Z [INFO] GET /api/stats/dashboard
2025-07-01T18:33:06.502Z [INFO] [REQ] OPTIONS /api/orders
2025-07-01T18:33:06.505Z [INFO] [REQ] GET /api/orders
2025-07-01T18:33:06.506Z [INFO] GET /api/orders?limit=5&sort=created_at:desc
2025-07-01T18:33:06.506Z [INFO] GET /api/orders
2025-07-01T18:33:06.529Z [INFO] [REQ] OPTIONS /api/stats/system-status
2025-07-01T18:33:06.532Z [INFO] [REQ] GET /api/stats/system-status
2025-07-01T18:33:06.533Z [INFO] GET /api/stats/system-status
2025-07-01T18:33:06.542Z [INFO] [REQ] OPTIONS /api/notifications/recent
2025-07-01T18:33:06.545Z [INFO] [REQ] GET /api/notifications/recent
2025-07-01T18:33:06.546Z [INFO] GET /api/notifications/recent?limit=5
2025-07-01T18:33:06.550Z [INFO] [REQ] OPTIONS /api/stats/performance
2025-07-01T18:33:06.552Z [INFO] [REQ] GET /api/stats/performance
2025-07-01T18:33:06.553Z [INFO] GET /api/stats/performance?days=7
2025-07-01T18:33:09.437Z [INFO] [REQ] OPTIONS /api/locations
2025-07-01T18:33:09.439Z [INFO] [REQ] GET /api/locations
2025-07-01T18:33:09.440Z [INFO] GET /api/locations
2025-07-01T18:33:09.441Z [INFO] GET /api/locations
2025-07-01T18:33:12.364Z [INFO] [REQ] OPTIONS /api/inventory/location/4
2025-07-01T18:33:12.366Z [INFO] [REQ] GET /api/inventory/location/4
2025-07-01T18:33:12.367Z [INFO] GET /api/inventory/location/4?include_zero=true
2025-07-01T18:33:12.368Z [INFO] GET /api/inventory/location/4
2025-07-01T18:33:16.446Z [INFO] [REQ] OPTIONS /api/inventory/import/4
2025-07-01T18:33:16.447Z [INFO] [REQ] POST /api/inventory/import/4
2025-07-01T18:33:16.448Z [INFO] POST /api/inventory/import/4
2025-07-01T18:33:19.194Z [INFO] [REQ] OPTIONS /api/locations
2025-07-01T18:33:19.198Z [INFO] [REQ] GET /api/locations
2025-07-01T18:33:19.198Z [INFO] GET /api/locations
2025-07-01T18:33:19.199Z [INFO] GET /api/locations
2025-07-01T18:33:19.204Z [INFO] [REQ] OPTIONS /api/inventory/location/1
2025-07-01T18:33:19.207Z [INFO] [REQ] GET /api/inventory/location/1
2025-07-01T18:33:19.207Z [INFO] GET /api/inventory/location/1?include_zero=true
2025-07-01T18:33:19.208Z [INFO] GET /api/inventory/location/1
2025-07-01T18:33:21.454Z [INFO] [REQ] OPTIONS /api/inventory/location/3
2025-07-01T18:33:21.457Z [INFO] [REQ] GET /api/inventory/location/3
2025-07-01T18:33:21.458Z [INFO] GET /api/inventory/location/3?include_zero=true
2025-07-01T18:33:21.458Z [INFO] GET /api/inventory/location/3
2025-07-01T18:33:25.558Z [INFO] [REQ] OPTIONS /api/inventory/location/7
2025-07-01T18:33:25.559Z [INFO] [REQ] GET /api/inventory/location/7
2025-07-01T18:33:25.560Z [INFO] GET /api/inventory/location/7?include_zero=true
2025-07-01T18:33:25.560Z [INFO] GET /api/inventory/location/7
2025-07-01T18:33:39.511Z [INFO] [REQ] OPTIONS /api/inventory/import/4
2025-07-01T18:33:39.512Z [INFO] [REQ] POST /api/inventory/import/4
2025-07-01T18:33:39.513Z [INFO] POST /api/inventory/import/4
2025-07-01T18:33:41.362Z [INFO] [REQ] OPTIONS /api/inventory/location/7
2025-07-01T18:33:41.364Z [INFO] [REQ] GET /api/inventory/location/7
2025-07-01T18:33:41.364Z [INFO] GET /api/inventory/location/7?include_zero=true
2025-07-01T18:33:41.364Z [INFO] GET /api/inventory/location/7
2025-07-01T18:33:51.800Z [INFO] [REQ] OPTIONS /api/inventory/location/3
2025-07-01T18:33:51.803Z [INFO] [REQ] GET /api/inventory/location/3
2025-07-01T18:33:51.804Z [INFO] GET /api/inventory/location/3?include_zero=true
2025-07-01T18:33:51.804Z [INFO] GET /api/inventory/location/3
2025-07-01T18:33:54.497Z [INFO] [REQ] OPTIONS /api/inventory/location/4
2025-07-01T18:33:54.499Z [INFO] [REQ] GET /api/inventory/location/4
2025-07-01T18:33:54.500Z [INFO] GET /api/inventory/location/4?include_zero=true
2025-07-01T18:33:54.501Z [INFO] GET /api/inventory/location/4
2025-07-01T18:35:19.471Z [INFO] [REQ] OPTIONS /api/stats/dashboard
2025-07-01T18:35:19.474Z [INFO] [REQ] GET /api/stats/dashboard
2025-07-01T18:35:19.475Z [INFO] GET /api/stats/dashboard
2025-07-01T18:35:19.627Z [INFO] [REQ] OPTIONS /api/orders
2025-07-01T18:35:19.629Z [INFO] [REQ] GET /api/orders
2025-07-01T18:35:19.630Z [INFO] GET /api/orders?limit=5&sort=created_at:desc
2025-07-01T18:35:19.630Z [INFO] GET /api/orders
2025-07-01T18:35:19.638Z [INFO] [REQ] OPTIONS /api/stats/system-status
2025-07-01T18:35:19.639Z [INFO] [REQ] GET /api/stats/system-status
2025-07-01T18:35:19.640Z [INFO] GET /api/stats/system-status
2025-07-01T18:35:19.647Z [INFO] [REQ] OPTIONS /api/notifications/recent
2025-07-01T18:35:19.649Z [INFO] [REQ] GET /api/notifications/recent
2025-07-01T18:35:19.650Z [INFO] GET /api/notifications/recent?limit=5
2025-07-01T18:35:19.652Z [INFO] [REQ] OPTIONS /api/stats/performance
2025-07-01T18:35:19.656Z [INFO] [REQ] GET /api/stats/performance
2025-07-01T18:35:19.656Z [INFO] GET /api/stats/performance?days=7
2025-07-01T18:35:20.046Z [INFO] [REQ] GET /api/stats/dashboard
2025-07-01T18:35:20.047Z [INFO] GET /api/stats/dashboard
2025-07-01T18:35:20.057Z [INFO] [REQ] GET /api/orders
2025-07-01T18:35:20.058Z [INFO] GET /api/orders?limit=5&sort=created_at:desc
2025-07-01T18:35:20.058Z [INFO] GET /api/orders
2025-07-01T18:35:20.073Z [INFO] [REQ] GET /api/stats/system-status
2025-07-01T18:35:20.075Z [INFO] GET /api/stats/system-status
2025-07-01T18:35:20.085Z [INFO] [REQ] GET /api/notifications/recent
2025-07-01T18:35:20.086Z [INFO] GET /api/notifications/recent?limit=5
2025-07-01T18:35:20.093Z [INFO] [REQ] GET /api/stats/performance
2025-07-01T18:35:20.094Z [INFO] GET /api/stats/performance?days=7
2025-07-01T18:35:45.408Z [INFO] [REQ] OPTIONS /api/stats/dashboard
2025-07-01T18:35:45.410Z [INFO] [REQ] GET /api/stats/dashboard
2025-07-01T18:35:45.411Z [INFO] GET /api/stats/dashboard
2025-07-01T18:35:45.421Z [INFO] [REQ] OPTIONS /api/orders
2025-07-01T18:35:45.424Z [INFO] [REQ] GET /api/orders
2025-07-01T18:35:45.426Z [INFO] GET /api/orders?limit=5&sort=created_at:desc
2025-07-01T18:35:45.426Z [INFO] GET /api/orders
2025-07-01T18:35:45.438Z [INFO] [REQ] OPTIONS /api/stats/system-status
2025-07-01T18:35:45.440Z [INFO] [REQ] GET /api/stats/system-status
2025-07-01T18:35:45.441Z [INFO] GET /api/stats/system-status
2025-07-01T18:35:45.448Z [INFO] [REQ] OPTIONS /api/notifications/recent
2025-07-01T18:35:45.452Z [INFO] [REQ] GET /api/notifications/recent
2025-07-01T18:35:45.453Z [INFO] GET /api/notifications/recent?limit=5
2025-07-01T18:35:45.457Z [INFO] [REQ] OPTIONS /api/stats/performance
2025-07-01T18:35:45.459Z [INFO] [REQ] GET /api/stats/performance
2025-07-01T18:35:45.460Z [INFO] GET /api/stats/performance?days=7
2025-07-01T18:35:48.893Z [INFO] [REQ] GET /api/stats/dashboard
2025-07-01T18:35:48.893Z [INFO] GET /api/stats/dashboard
2025-07-01T18:35:48.904Z [INFO] [REQ] GET /api/orders
2025-07-01T18:35:48.905Z [INFO] GET /api/orders?limit=5&sort=created_at:desc
2025-07-01T18:35:48.905Z [INFO] GET /api/orders
2025-07-01T18:35:48.914Z [INFO] [REQ] GET /api/stats/system-status
2025-07-01T18:35:48.915Z [INFO] GET /api/stats/system-status
2025-07-01T18:35:48.925Z [INFO] [REQ] GET /api/notifications/recent
2025-07-01T18:35:48.926Z [INFO] GET /api/notifications/recent?limit=5
2025-07-01T18:35:48.932Z [INFO] [REQ] GET /api/stats/performance
2025-07-01T18:35:48.933Z [INFO] GET /api/stats/performance?days=7
2025-07-01T18:36:15.223Z [INFO] [REQ] OPTIONS /api/stats/dashboard
2025-07-01T18:36:15.225Z [INFO] [REQ] GET /api/stats/dashboard
2025-07-01T18:36:15.226Z [INFO] GET /api/stats/dashboard
2025-07-01T18:36:15.240Z [INFO] [REQ] OPTIONS /api/orders
2025-07-01T18:36:15.243Z [INFO] [REQ] GET /api/orders
2025-07-01T18:36:15.244Z [INFO] GET /api/orders?limit=5&sort=created_at:desc
2025-07-01T18:36:15.245Z [INFO] GET /api/orders
2025-07-01T18:36:15.256Z [INFO] [REQ] OPTIONS /api/stats/system-status
2025-07-01T18:36:15.259Z [INFO] [REQ] GET /api/stats/system-status
2025-07-01T18:36:15.259Z [INFO] GET /api/stats/system-status
2025-07-01T18:36:15.265Z [INFO] [REQ] OPTIONS /api/notifications/recent
2025-07-01T18:36:15.269Z [INFO] [REQ] GET /api/notifications/recent
2025-07-01T18:36:15.270Z [INFO] GET /api/notifications/recent?limit=5
2025-07-01T18:36:15.275Z [INFO] [REQ] OPTIONS /api/stats/performance
2025-07-01T18:36:15.277Z [INFO] [REQ] GET /api/stats/performance
2025-07-01T18:36:15.277Z [INFO] GET /api/stats/performance?days=7
2025-07-01T18:38:09.000Z [INFO] [REQ] OPTIONS /api/stats/dashboard
2025-07-01T18:38:09.002Z [INFO] [REQ] GET /api/stats/dashboard
2025-07-01T18:38:09.003Z [INFO] GET /api/stats/dashboard
2025-07-01T18:38:09.084Z [INFO] [REQ] OPTIONS /api/orders
2025-07-01T18:38:09.085Z [INFO] [REQ] GET /api/orders
2025-07-01T18:38:09.086Z [INFO] GET /api/orders?limit=5&sort=created_at:desc
2025-07-01T18:38:09.086Z [INFO] GET /api/orders
2025-07-01T18:38:09.097Z [INFO] [REQ] OPTIONS /api/stats/system-status
2025-07-01T18:38:09.098Z [INFO] [REQ] GET /api/stats/system-status
2025-07-01T18:38:09.099Z [INFO] GET /api/stats/system-status
2025-07-01T18:38:09.103Z [INFO] [REQ] OPTIONS /api/notifications/recent
2025-07-01T18:38:09.105Z [INFO] [REQ] GET /api/notifications/recent
2025-07-01T18:38:09.106Z [INFO] GET /api/notifications/recent?limit=5
2025-07-01T18:38:09.110Z [INFO] [REQ] OPTIONS /api/stats/performance
2025-07-01T18:38:09.112Z [INFO] [REQ] GET /api/stats/performance
2025-07-01T18:38:09.113Z [INFO] GET /api/stats/performance?days=7
2025-07-01T18:38:12.867Z [INFO] [REQ] GET /api/stats/dashboard
2025-07-01T18:38:12.868Z [INFO] GET /api/stats/dashboard
2025-07-01T18:38:12.876Z [INFO] [REQ] GET /api/orders
2025-07-01T18:38:12.877Z [INFO] GET /api/orders?limit=5&sort=created_at:desc
2025-07-01T18:38:12.877Z [INFO] GET /api/orders
2025-07-01T18:38:12.888Z [INFO] [REQ] GET /api/stats/system-status
2025-07-01T18:38:12.889Z [INFO] GET /api/stats/system-status
2025-07-01T18:38:12.895Z [INFO] [REQ] GET /api/notifications/recent
2025-07-01T18:38:12.896Z [INFO] GET /api/notifications/recent?limit=5
2025-07-01T18:38:12.902Z [INFO] [REQ] GET /api/stats/performance
2025-07-01T18:38:12.903Z [INFO] GET /api/stats/performance?days=7
2025-07-01T18:38:53.131Z [INFO] [REQ] OPTIONS /api/stats/dashboard
2025-07-01T18:38:53.133Z [INFO] [REQ] GET /api/stats/dashboard
2025-07-01T18:38:53.133Z [INFO] GET /api/stats/dashboard
2025-07-01T18:38:53.207Z [INFO] [REQ] OPTIONS /api/orders
2025-07-01T18:38:53.210Z [INFO] [REQ] GET /api/orders
2025-07-01T18:38:53.210Z [INFO] GET /api/orders?limit=5&sort=created_at:desc
2025-07-01T18:38:53.211Z [INFO] GET /api/orders
2025-07-01T18:38:53.219Z [INFO] [REQ] OPTIONS /api/stats/system-status
2025-07-01T18:38:53.221Z [INFO] [REQ] GET /api/stats/system-status
2025-07-01T18:38:53.222Z [INFO] GET /api/stats/system-status
2025-07-01T18:38:53.228Z [INFO] [REQ] OPTIONS /api/notifications/recent
2025-07-01T18:38:53.230Z [INFO] [REQ] GET /api/notifications/recent
2025-07-01T18:38:53.230Z [INFO] GET /api/notifications/recent?limit=5
2025-07-01T18:38:53.234Z [INFO] [REQ] OPTIONS /api/stats/performance
2025-07-01T18:38:53.236Z [INFO] [REQ] GET /api/stats/performance
2025-07-01T18:38:53.236Z [INFO] GET /api/stats/performance?days=7
2025-07-01T18:39:09.097Z [INFO] [REQ] OPTIONS /api/stats/dashboard
2025-07-01T18:39:09.099Z [INFO] [REQ] GET /api/stats/dashboard
2025-07-01T18:39:09.100Z [INFO] GET /api/stats/dashboard
2025-07-01T18:39:09.109Z [INFO] [REQ] OPTIONS /api/orders
2025-07-01T18:39:09.111Z [INFO] [REQ] GET /api/orders
2025-07-01T18:39:09.112Z [INFO] GET /api/orders?limit=5&sort=created_at:desc
2025-07-01T18:39:09.112Z [INFO] GET /api/orders
2025-07-01T18:39:09.122Z [INFO] [REQ] OPTIONS /api/stats/system-status
2025-07-01T18:39:09.124Z [INFO] [REQ] GET /api/stats/system-status
2025-07-01T18:39:09.125Z [INFO] GET /api/stats/system-status
2025-07-01T18:39:09.133Z [INFO] [REQ] OPTIONS /api/notifications/recent
2025-07-01T18:39:09.135Z [INFO] [REQ] GET /api/notifications/recent
2025-07-01T18:39:09.136Z [INFO] GET /api/notifications/recent?limit=5
2025-07-01T18:39:09.140Z [INFO] [REQ] OPTIONS /api/stats/performance
2025-07-01T18:39:09.142Z [INFO] [REQ] GET /api/stats/performance
2025-07-01T18:39:09.143Z [INFO] GET /api/stats/performance?days=7
2025-07-01T18:39:15.500Z [INFO] [REQ] OPTIONS /api/locations
2025-07-01T18:39:15.502Z [INFO] [REQ] GET /api/locations
2025-07-01T18:39:15.502Z [INFO] GET /api/locations
2025-07-01T18:39:15.503Z [INFO] GET /api/locations
2025-07-01T18:39:17.420Z [INFO] [REQ] OPTIONS /api/inventory/location/4
2025-07-01T18:39:17.423Z [INFO] [REQ] GET /api/inventory/location/4
2025-07-01T18:39:17.424Z [INFO] GET /api/inventory/location/4?include_zero=true
2025-07-01T18:39:17.424Z [INFO] GET /api/inventory/location/4
2025-07-01T18:39:23.331Z [INFO] [REQ] OPTIONS /api/inventory/import/4
2025-07-01T18:39:23.332Z [INFO] [REQ] POST /api/inventory/import/4
2025-07-01T18:39:23.333Z [INFO] POST /api/inventory/import/4
2025-07-01T18:39:26.909Z [INFO] [REQ] OPTIONS /api/inventory/location/3
2025-07-01T18:39:26.910Z [INFO] [REQ] GET /api/inventory/location/3
2025-07-01T18:39:26.911Z [INFO] GET /api/inventory/location/3?include_zero=true
2025-07-01T18:39:26.912Z [INFO] GET /api/inventory/location/3
2025-07-01T18:39:30.464Z [INFO] [REQ] OPTIONS /api/inventory/import/3
2025-07-01T18:39:30.465Z [INFO] [REQ] POST /api/inventory/import/3
2025-07-01T18:39:30.466Z [INFO] POST /api/inventory/import/3
2025-07-01T18:39:31.930Z [INFO] [REQ] OPTIONS /api/locations
2025-07-01T18:39:31.932Z [INFO] [REQ] GET /api/locations
2025-07-01T18:39:31.933Z [INFO] GET /api/locations
2025-07-01T18:39:31.933Z [INFO] GET /api/locations
2025-07-01T18:39:31.938Z [INFO] [REQ] OPTIONS /api/inventory/location/1
2025-07-01T18:39:31.941Z [INFO] [REQ] GET /api/inventory/location/1
2025-07-01T18:39:31.942Z [INFO] GET /api/inventory/location/1?include_zero=true
2025-07-01T18:39:31.942Z [INFO] GET /api/inventory/location/1
2025-07-01T18:39:35.240Z [INFO] [REQ] OPTIONS /api/inventory/location/5
2025-07-01T18:39:35.248Z [INFO] [REQ] GET /api/inventory/location/5
2025-07-01T18:39:35.249Z [INFO] GET /api/inventory/location/5?include_zero=true
2025-07-01T18:39:35.250Z [INFO] GET /api/inventory/location/5
2025-07-01T18:39:37.752Z [INFO] [REQ] OPTIONS /api/inventory/location/3
2025-07-01T18:39:37.754Z [INFO] [REQ] GET /api/inventory/location/3
2025-07-01T18:39:37.755Z [INFO] GET /api/inventory/location/3?include_zero=true
2025-07-01T18:39:37.756Z [INFO] GET /api/inventory/location/3
2025-07-01T18:39:42.870Z [INFO] [REQ] OPTIONS /api/inventory/location/3
2025-07-01T18:39:42.873Z [INFO] [REQ] GET /api/inventory/location/3
2025-07-01T18:39:42.874Z [INFO] GET /api/inventory/location/3?include_zero=true
2025-07-01T18:39:42.874Z [INFO] GET /api/inventory/location/3
2025-07-01T18:39:49.384Z [INFO] [REQ] OPTIONS /api/inventory/import/3
2025-07-01T18:39:49.385Z [INFO] [REQ] POST /api/inventory/import/3
2025-07-01T18:39:49.385Z [INFO] POST /api/inventory/import/3
2025-07-01T18:39:53.740Z [INFO] [REQ] OPTIONS /api/inventory/location/10
2025-07-01T18:39:53.743Z [INFO] [REQ] GET /api/inventory/location/10
2025-07-01T18:39:53.744Z [INFO] GET /api/inventory/location/10?include_zero=true
2025-07-01T18:39:53.744Z [INFO] GET /api/inventory/location/10
2025-07-01T18:39:56.806Z [INFO] [REQ] OPTIONS /api/inventory/import/10
2025-07-01T18:39:56.807Z [INFO] [REQ] POST /api/inventory/import/10
2025-07-01T18:39:56.807Z [INFO] POST /api/inventory/import/10
2025-07-01T18:40:00.646Z [INFO] [REQ] OPTIONS /api/inventory/location/3
2025-07-01T18:40:00.650Z [INFO] [REQ] GET /api/inventory/location/3
2025-07-01T18:40:00.651Z [INFO] GET /api/inventory/location/3?include_zero=true
2025-07-01T18:40:00.651Z [INFO] GET /api/inventory/location/3
2025-07-01T18:40:04.009Z [INFO] [REQ] OPTIONS /api/inventory/location/10
2025-07-01T18:40:04.011Z [INFO] [REQ] GET /api/inventory/location/10
2025-07-01T18:40:04.011Z [INFO] GET /api/inventory/location/10?include_zero=true
2025-07-01T18:40:04.011Z [INFO] GET /api/inventory/location/10
2025-07-01T18:40:09.109Z [INFO] [REQ] OPTIONS /api/inventory/location/10
2025-07-01T18:40:09.112Z [INFO] [REQ] GET /api/inventory/location/10
2025-07-01T18:40:09.113Z [INFO] GET /api/inventory/location/10?include_zero=true
2025-07-01T18:40:09.113Z [INFO] GET /api/inventory/location/10
2025-07-01T18:40:11.112Z [INFO] [REQ] OPTIONS /api/stats/dashboard
2025-07-01T18:40:11.114Z [INFO] [REQ] GET /api/stats/dashboard
2025-07-01T18:40:11.114Z [INFO] GET /api/stats/dashboard
2025-07-01T18:40:11.184Z [INFO] [REQ] OPTIONS /api/orders
2025-07-01T18:40:11.187Z [INFO] [REQ] GET /api/orders
2025-07-01T18:40:11.188Z [INFO] GET /api/orders?limit=5&sort=created_at:desc
2025-07-01T18:40:11.189Z [INFO] GET /api/orders
2025-07-01T18:40:11.200Z [INFO] [REQ] OPTIONS /api/stats/system-status
2025-07-01T18:40:11.202Z [INFO] [REQ] GET /api/stats/system-status
2025-07-01T18:40:11.203Z [INFO] GET /api/stats/system-status
2025-07-01T18:40:11.209Z [INFO] [REQ] OPTIONS /api/notifications/recent
2025-07-01T18:40:11.212Z [INFO] [REQ] GET /api/notifications/recent
2025-07-01T18:40:11.213Z [INFO] GET /api/notifications/recent?limit=5
2025-07-01T18:40:11.216Z [INFO] [REQ] OPTIONS /api/stats/performance
2025-07-01T18:40:11.217Z [INFO] [REQ] GET /api/stats/performance
2025-07-01T18:40:11.218Z [INFO] GET /api/stats/performance?days=7
2025-07-01T18:40:12.319Z [INFO] [REQ] OPTIONS /api/locations
2025-07-01T18:40:12.323Z [INFO] [REQ] GET /api/locations
2025-07-01T18:40:12.324Z [INFO] GET /api/locations
2025-07-01T18:40:12.324Z [INFO] GET /api/locations
2025-07-01T18:40:15.186Z [INFO] [REQ] OPTIONS /api/inventory/location/10
2025-07-01T18:40:15.188Z [INFO] [REQ] GET /api/inventory/location/10
2025-07-01T18:40:15.188Z [INFO] GET /api/inventory/location/10?include_zero=true
2025-07-01T18:40:15.189Z [INFO] GET /api/inventory/location/10
2025-07-01T18:40:18.458Z [INFO] [REQ] OPTIONS /api/inventory/import/10
2025-07-01T18:40:18.459Z [INFO] [REQ] POST /api/inventory/import/10
2025-07-01T18:40:18.460Z [INFO] POST /api/inventory/import/10
2025-07-01T18:40:19.422Z [INFO] [REQ] OPTIONS /api/stats/dashboard
2025-07-01T18:40:19.427Z [INFO] [REQ] GET /api/stats/dashboard
2025-07-01T18:40:19.428Z [INFO] GET /api/stats/dashboard
2025-07-01T18:40:19.438Z [INFO] [REQ] OPTIONS /api/orders
2025-07-01T18:40:19.441Z [INFO] [REQ] GET /api/orders
2025-07-01T18:40:19.442Z [INFO] GET /api/orders?limit=5&sort=created_at:desc
2025-07-01T18:40:19.443Z [INFO] GET /api/orders
2025-07-01T18:40:19.453Z [INFO] [REQ] OPTIONS /api/stats/system-status
2025-07-01T18:40:19.457Z [INFO] [REQ] GET /api/stats/system-status
2025-07-01T18:40:19.458Z [INFO] GET /api/stats/system-status
2025-07-01T18:40:19.463Z [INFO] [REQ] OPTIONS /api/notifications/recent
2025-07-01T18:40:19.465Z [INFO] [REQ] GET /api/notifications/recent
2025-07-01T18:40:19.466Z [INFO] GET /api/notifications/recent?limit=5
2025-07-01T18:40:19.472Z [INFO] [REQ] OPTIONS /api/stats/performance
2025-07-01T18:40:19.474Z [INFO] [REQ] GET /api/stats/performance
2025-07-01T18:40:19.474Z [INFO] GET /api/stats/performance?days=7
2025-07-01T18:40:20.045Z [INFO] [REQ] GET /api/stats/dashboard
2025-07-01T18:40:20.046Z [INFO] GET /api/stats/dashboard
2025-07-01T18:40:20.059Z [INFO] [REQ] GET /api/orders
2025-07-01T18:40:20.060Z [INFO] GET /api/orders?limit=5&sort=created_at:desc
2025-07-01T18:40:20.060Z [INFO] GET /api/orders
2025-07-01T18:40:20.070Z [INFO] [REQ] GET /api/stats/system-status
2025-07-01T18:40:20.070Z [INFO] GET /api/stats/system-status
2025-07-01T18:40:20.077Z [INFO] [REQ] GET /api/notifications/recent
2025-07-01T18:40:20.077Z [INFO] GET /api/notifications/recent?limit=5
2025-07-01T18:40:20.081Z [INFO] [REQ] GET /api/stats/performance
2025-07-01T18:40:20.082Z [INFO] GET /api/stats/performance?days=7
2025-07-01T18:40:20.226Z [INFO] [REQ] OPTIONS /api/locations
2025-07-01T18:40:20.228Z [INFO] [REQ] GET /api/locations
2025-07-01T18:40:20.229Z [INFO] GET /api/locations
2025-07-01T18:40:20.229Z [INFO] GET /api/locations
2025-07-01T18:40:20.234Z [INFO] [REQ] OPTIONS /api/inventory/location/1
2025-07-01T18:40:20.237Z [INFO] [REQ] GET /api/inventory/location/1
2025-07-01T18:40:20.237Z [INFO] GET /api/inventory/location/1?include_zero=true
2025-07-01T18:40:20.237Z [INFO] GET /api/inventory/location/1
2025-07-01T18:40:22.380Z [INFO] [REQ] OPTIONS /api/inventory/location/3
2025-07-01T18:40:22.384Z [INFO] [REQ] GET /api/inventory/location/3
2025-07-01T18:40:22.384Z [INFO] GET /api/inventory/location/3?include_zero=true
2025-07-01T18:40:22.385Z [INFO] GET /api/inventory/location/3
2025-07-01T18:40:24.028Z [INFO] [REQ] OPTIONS /api/inventory/location/7
2025-07-01T18:40:24.031Z [INFO] [REQ] GET /api/inventory/location/7
2025-07-01T18:40:24.032Z [INFO] GET /api/inventory/location/7?include_zero=true
2025-07-01T18:40:24.033Z [INFO] GET /api/inventory/location/7
2025-07-01T18:40:56.005Z [INFO] [REQ] OPTIONS /api/stats/dashboard
2025-07-01T18:40:56.008Z [INFO] [REQ] GET /api/stats/dashboard
2025-07-01T18:40:56.008Z [INFO] GET /api/stats/dashboard
2025-07-01T18:40:56.077Z [INFO] [REQ] OPTIONS /api/orders
2025-07-01T18:40:56.079Z [INFO] [REQ] GET /api/orders
2025-07-01T18:40:56.079Z [INFO] GET /api/orders?limit=5&sort=created_at:desc
2025-07-01T18:40:56.079Z [INFO] GET /api/orders
2025-07-01T18:40:56.092Z [INFO] [REQ] OPTIONS /api/stats/system-status
2025-07-01T18:40:56.094Z [INFO] [REQ] GET /api/stats/system-status
2025-07-01T18:40:56.094Z [INFO] GET /api/stats/system-status
2025-07-01T18:40:56.102Z [INFO] [REQ] OPTIONS /api/notifications/recent
2025-07-01T18:40:56.106Z [INFO] [REQ] GET /api/notifications/recent
2025-07-01T18:40:56.107Z [INFO] GET /api/notifications/recent?limit=5
2025-07-01T18:40:56.110Z [INFO] [REQ] OPTIONS /api/stats/performance
2025-07-01T18:40:56.112Z [INFO] [REQ] GET /api/stats/performance
2025-07-01T18:40:56.113Z [INFO] GET /api/stats/performance?days=7
2025-07-01T18:41:42.048Z [INFO] [REQ] OPTIONS /api/locations
2025-07-01T18:41:42.051Z [INFO] [REQ] GET /api/locations
2025-07-01T18:41:42.052Z [INFO] GET /api/locations
2025-07-01T18:41:42.052Z [INFO] GET /api/locations
2025-07-01T18:41:53.805Z [INFO] [REQ] OPTIONS /api/inventory/location/3
2025-07-01T18:41:53.808Z [INFO] [REQ] GET /api/inventory/location/3
2025-07-01T18:41:53.809Z [INFO] GET /api/inventory/location/3?include_zero=true
2025-07-01T18:41:53.810Z [INFO] GET /api/inventory/location/3
2025-07-01T18:41:59.802Z [INFO] [REQ] OPTIONS /api/inventory/import/3
2025-07-01T18:41:59.803Z [INFO] [REQ] POST /api/inventory/import/3
2025-07-01T18:41:59.804Z [INFO] POST /api/inventory/import/3
2025-07-01T18:42:02.117Z [INFO] [REQ] OPTIONS /api/locations
2025-07-01T18:42:02.120Z [INFO] [REQ] GET /api/locations
2025-07-01T18:42:02.121Z [INFO] GET /api/locations
2025-07-01T18:42:02.121Z [INFO] GET /api/locations
2025-07-01T18:42:02.126Z [INFO] [REQ] OPTIONS /api/inventory/location/1
2025-07-01T18:42:02.129Z [INFO] [REQ] GET /api/inventory/location/1
2025-07-01T18:42:02.130Z [INFO] GET /api/inventory/location/1?include_zero=true
2025-07-01T18:42:02.131Z [INFO] GET /api/inventory/location/1
2025-07-01T18:42:05.387Z [INFO] [REQ] OPTIONS /api/inventory/location/2
2025-07-01T18:42:05.390Z [INFO] [REQ] GET /api/inventory/location/2
2025-07-01T18:42:05.390Z [INFO] GET /api/inventory/location/2?include_zero=true
2025-07-01T18:42:05.391Z [INFO] GET /api/inventory/location/2
2025-07-01T18:42:07.374Z [INFO] [REQ] OPTIONS /api/inventory/location/10
2025-07-01T18:42:07.377Z [INFO] [REQ] GET /api/inventory/location/10
2025-07-01T18:42:07.379Z [INFO] GET /api/inventory/location/10?include_zero=true
2025-07-01T18:42:07.379Z [INFO] GET /api/inventory/location/10
2025-07-01T18:42:12.358Z [INFO] [REQ] GET /api/inventory/location/10
2025-07-01T18:42:12.359Z [INFO] GET /api/inventory/location/10?include_zero=true
2025-07-01T18:42:12.360Z [INFO] GET /api/inventory/location/10
2025-07-01T18:42:18.262Z [INFO] [REQ] OPTIONS /api/inventory/import/10
2025-07-01T18:42:18.263Z [INFO] [REQ] POST /api/inventory/import/10
2025-07-01T18:42:18.264Z [INFO] POST /api/inventory/import/10
2025-07-01T18:42:19.215Z [INFO] [REQ] OPTIONS /api/inventory/location/10
2025-07-01T18:42:19.218Z [INFO] [REQ] GET /api/inventory/location/10
2025-07-01T18:42:19.218Z [INFO] GET /api/inventory/location/10?include_zero=true
2025-07-01T18:42:19.219Z [INFO] GET /api/inventory/location/10
2025-07-01T18:42:26.810Z [INFO] [REQ] OPTIONS /api/inventory/location/9
2025-07-01T18:42:26.812Z [INFO] [REQ] GET /api/inventory/location/9
2025-07-01T18:42:26.813Z [INFO] GET /api/inventory/location/9?include_zero=true
2025-07-01T18:42:26.813Z [INFO] GET /api/inventory/location/9
2025-07-01T18:42:29.166Z [INFO] [REQ] OPTIONS /api/inventory/location/2
2025-07-01T18:42:29.169Z [INFO] [REQ] GET /api/inventory/location/2
2025-07-01T18:42:29.170Z [INFO] GET /api/inventory/location/2?include_zero=true
2025-07-01T18:42:29.170Z [INFO] GET /api/inventory/location/2
2025-07-01T18:42:30.770Z [INFO] [REQ] OPTIONS /api/inventory/location/3
2025-07-01T18:42:30.772Z [INFO] [REQ] GET /api/inventory/location/3
2025-07-01T18:42:30.772Z [INFO] GET /api/inventory/location/3?include_zero=true
2025-07-01T18:42:30.772Z [INFO] GET /api/inventory/location/3
2025-07-01T18:42:35.685Z [INFO] [REQ] OPTIONS /api/inventory/location/5
2025-07-01T18:42:35.687Z [INFO] [REQ] GET /api/inventory/location/5
2025-07-01T18:42:35.687Z [INFO] GET /api/inventory/location/5?include_zero=true
2025-07-01T18:42:35.688Z [INFO] GET /api/inventory/location/5
2025-07-01T18:42:46.003Z [INFO] [REQ] OPTIONS /api/inventory/location/5
2025-07-01T18:42:46.005Z [INFO] [REQ] GET /api/inventory/location/5
2025-07-01T18:42:46.006Z [INFO] GET /api/inventory/location/5?include_zero=true
2025-07-01T18:42:46.007Z [INFO] GET /api/inventory/location/5
2025-07-01T18:42:56.392Z [INFO] [REQ] OPTIONS /api/inventory/import/5
2025-07-01T18:42:56.393Z [INFO] [REQ] POST /api/inventory/import/5
2025-07-01T18:42:56.394Z [INFO] POST /api/inventory/import/5
2025-07-01T18:42:58.901Z [INFO] [REQ] OPTIONS /api/inventory/location/5
2025-07-01T18:42:58.903Z [INFO] [REQ] GET /api/inventory/location/5
2025-07-01T18:42:58.904Z [INFO] GET /api/inventory/location/5?include_zero=true
2025-07-01T18:42:58.904Z [INFO] GET /api/inventory/location/5
2025-07-01T18:43:35.790Z [INFO] [REQ] OPTIONS /api/stats/dashboard
2025-07-01T18:43:35.792Z [INFO] [REQ] GET /api/stats/dashboard
2025-07-01T18:43:35.793Z [INFO] GET /api/stats/dashboard
2025-07-01T18:43:35.868Z [INFO] [REQ] OPTIONS /api/orders
2025-07-01T18:43:35.871Z [INFO] [REQ] GET /api/orders
2025-07-01T18:43:35.871Z [INFO] GET /api/orders?limit=5&sort=created_at:desc
2025-07-01T18:43:35.872Z [INFO] GET /api/orders
2025-07-01T18:43:35.880Z [INFO] [REQ] OPTIONS /api/stats/system-status
2025-07-01T18:43:35.883Z [INFO] [REQ] GET /api/stats/system-status
2025-07-01T18:43:35.883Z [INFO] GET /api/stats/system-status
2025-07-01T18:43:35.890Z [INFO] [REQ] OPTIONS /api/notifications/recent
2025-07-01T18:43:35.892Z [INFO] [REQ] GET /api/notifications/recent
2025-07-01T18:43:35.892Z [INFO] GET /api/notifications/recent?limit=5
2025-07-01T18:43:35.895Z [INFO] [REQ] OPTIONS /api/stats/performance
2025-07-01T18:43:35.896Z [INFO] [REQ] GET /api/stats/performance
2025-07-01T18:43:35.897Z [INFO] GET /api/stats/performance?days=7
2025-07-01T18:43:38.589Z [INFO] [REQ] OPTIONS /api/locations
2025-07-01T18:43:38.592Z [INFO] [REQ] GET /api/locations
2025-07-01T18:43:38.593Z [INFO] GET /api/locations
2025-07-01T18:43:38.593Z [INFO] GET /api/locations
2025-07-01T18:43:42.809Z [INFO] [REQ] OPTIONS /api/inventory/location/2
2025-07-01T18:43:42.811Z [INFO] [REQ] GET /api/inventory/location/2
2025-07-01T18:43:42.812Z [INFO] GET /api/inventory/location/2?include_zero=true
2025-07-01T18:43:42.812Z [INFO] GET /api/inventory/location/2
2025-07-01T18:43:45.194Z [INFO] [REQ] OPTIONS /api/inventory/location/1
2025-07-01T18:43:45.195Z [INFO] [REQ] GET /api/inventory/location/1
2025-07-01T18:43:45.196Z [INFO] GET /api/inventory/location/1?include_zero=true
2025-07-01T18:43:45.196Z [INFO] GET /api/inventory/location/1
2025-07-01T18:43:51.306Z [INFO] [REQ] OPTIONS /api/inventory/import/1
2025-07-01T18:43:51.308Z [INFO] [REQ] POST /api/inventory/import/1
2025-07-01T18:43:51.308Z [INFO] POST /api/inventory/import/1
2025-07-01T18:43:52.458Z [INFO] [REQ] OPTIONS /api/locations
2025-07-01T18:43:52.460Z [INFO] [REQ] GET /api/locations
2025-07-01T18:43:52.460Z [INFO] GET /api/locations
2025-07-01T18:43:52.460Z [INFO] GET /api/locations
2025-07-01T18:43:52.471Z [INFO] [REQ] OPTIONS /api/inventory/location/1
2025-07-01T18:43:52.473Z [INFO] [REQ] GET /api/inventory/location/1
2025-07-01T18:43:52.474Z [INFO] GET /api/inventory/location/1?include_zero=true
2025-07-01T18:43:52.474Z [INFO] GET /api/inventory/location/1
2025-07-01T18:44:02.258Z [INFO] [REQ] OPTIONS /api/inventory/location/2
2025-07-01T18:44:02.261Z [INFO] [REQ] GET /api/inventory/location/2
2025-07-01T18:44:02.261Z [INFO] GET /api/inventory/location/2?include_zero=true
2025-07-01T18:44:02.262Z [INFO] GET /api/inventory/location/2
2025-07-01T18:44:03.724Z [INFO] [REQ] OPTIONS /api/inventory/location/1
2025-07-01T18:44:03.726Z [INFO] [REQ] GET /api/inventory/location/1
2025-07-01T18:44:03.727Z [INFO] GET /api/inventory/location/1?include_zero=true
2025-07-01T18:44:03.727Z [INFO] GET /api/inventory/location/1
2025-07-01T18:44:10.288Z [INFO] [REQ] OPTIONS /api/inventory/import/1
2025-07-01T18:44:10.290Z [INFO] [REQ] POST /api/inventory/import/1
2025-07-01T18:44:10.290Z [INFO] POST /api/inventory/import/1
2025-07-01T18:44:11.482Z [INFO] [REQ] OPTIONS /api/inventory/location/1
2025-07-01T18:44:11.485Z [INFO] [REQ] GET /api/inventory/location/1
2025-07-01T18:44:11.486Z [INFO] GET /api/inventory/location/1?include_zero=true
2025-07-01T18:44:11.486Z [INFO] GET /api/inventory/location/1
